Archive member included to satisfy reference by file (symbol)

/home/budali11/arm-none-eabi-13.3.rel1/bin/../lib/gcc/arm-none-eabi/13.3.1/../../../../arm-none-eabi/lib/thumb/v7-m/nofp/libg.a(libc_a-exit.o)
                              /home/budali11/arm-none-eabi-13.3.rel1/bin/../lib/gcc/arm-none-eabi/13.3.1/../../../../arm-none-eabi/lib/thumb/v7-m/nofp/crt0.o (exit)
/home/budali11/arm-none-eabi-13.3.rel1/bin/../lib/gcc/arm-none-eabi/13.3.1/../../../../arm-none-eabi/lib/thumb/v7-m/nofp/libg.a(libc_a-findfp.o)
                              /home/budali11/arm-none-eabi-13.3.rel1/bin/../lib/gcc/arm-none-eabi/13.3.1/../../../../arm-none-eabi/lib/thumb/v7-m/nofp/libg.a(libc_a-exit.o) (__stdio_exit_handler)
/home/budali11/arm-none-eabi-13.3.rel1/bin/../lib/gcc/arm-none-eabi/13.3.1/../../../../arm-none-eabi/lib/thumb/v7-m/nofp/libg.a(libc_a-sprintf.o)
                              CMakeFiles/sam4l-reb215.elf.dir/src/main.c.o (sprintf)
/home/budali11/arm-none-eabi-13.3.rel1/bin/../lib/gcc/arm-none-eabi/13.3.1/../../../../arm-none-eabi/lib/thumb/v7-m/nofp/libg.a(libc_a-stdio.o)
                              /home/budali11/arm-none-eabi-13.3.rel1/bin/../lib/gcc/arm-none-eabi/13.3.1/../../../../arm-none-eabi/lib/thumb/v7-m/nofp/libg.a(libc_a-findfp.o) (__sread)
/home/budali11/arm-none-eabi-13.3.rel1/bin/../lib/gcc/arm-none-eabi/13.3.1/../../../../arm-none-eabi/lib/thumb/v7-m/nofp/libg.a(libc_a-mallocr.o)
                              /home/budali11/arm-none-eabi-13.3.rel1/bin/../lib/gcc/arm-none-eabi/13.3.1/../../../../arm-none-eabi/lib/thumb/v7-m/nofp/libg.a(libc_a-findfp.o) (_malloc_r)
/home/budali11/arm-none-eabi-13.3.rel1/bin/../lib/gcc/arm-none-eabi/13.3.1/../../../../arm-none-eabi/lib/thumb/v7-m/nofp/libg.a(libc_a-__call_atexit.o)
                              /home/budali11/arm-none-eabi-13.3.rel1/bin/../lib/gcc/arm-none-eabi/13.3.1/../../../../arm-none-eabi/lib/thumb/v7-m/nofp/libg.a(libc_a-exit.o) (__call_exitprocs)
/home/budali11/arm-none-eabi-13.3.rel1/bin/../lib/gcc/arm-none-eabi/13.3.1/../../../../arm-none-eabi/lib/thumb/v7-m/nofp/libg.a(libc_a-sbrkr.o)
                              /home/budali11/arm-none-eabi-13.3.rel1/bin/../lib/gcc/arm-none-eabi/13.3.1/../../../../arm-none-eabi/lib/thumb/v7-m/nofp/libg.a(libc_a-mallocr.o) (_sbrk_r)
/home/budali11/arm-none-eabi-13.3.rel1/bin/../lib/gcc/arm-none-eabi/13.3.1/../../../../arm-none-eabi/lib/thumb/v7-m/nofp/libg.a(libc_a-writer.o)
                              /home/budali11/arm-none-eabi-13.3.rel1/bin/../lib/gcc/arm-none-eabi/13.3.1/../../../../arm-none-eabi/lib/thumb/v7-m/nofp/libg.a(libc_a-stdio.o) (_write_r)
/home/budali11/arm-none-eabi-13.3.rel1/bin/../lib/gcc/arm-none-eabi/13.3.1/../../../../arm-none-eabi/lib/thumb/v7-m/nofp/libg.a(libc_a-fwalk.o)
                              /home/budali11/arm-none-eabi-13.3.rel1/bin/../lib/gcc/arm-none-eabi/13.3.1/../../../../arm-none-eabi/lib/thumb/v7-m/nofp/libg.a(libc_a-findfp.o) (_fwalk_sglue)
/home/budali11/arm-none-eabi-13.3.rel1/bin/../lib/gcc/arm-none-eabi/13.3.1/../../../../arm-none-eabi/lib/thumb/v7-m/nofp/libg.a(libc_a-mlock.o)
                              /home/budali11/arm-none-eabi-13.3.rel1/bin/../lib/gcc/arm-none-eabi/13.3.1/../../../../arm-none-eabi/lib/thumb/v7-m/nofp/libg.a(libc_a-mallocr.o) (__malloc_lock)
/home/budali11/arm-none-eabi-13.3.rel1/bin/../lib/gcc/arm-none-eabi/13.3.1/../../../../arm-none-eabi/lib/thumb/v7-m/nofp/libg.a(libc_a-atexit.o)
                              /home/budali11/arm-none-eabi-13.3.rel1/bin/../lib/gcc/arm-none-eabi/13.3.1/../../../../arm-none-eabi/lib/thumb/v7-m/nofp/libg.a(libc_a-__call_atexit.o) (atexit)
/home/budali11/arm-none-eabi-13.3.rel1/bin/../lib/gcc/arm-none-eabi/13.3.1/../../../../arm-none-eabi/lib/thumb/v7-m/nofp/libg.a(libc_a-memset.o)
                              /home/budali11/arm-none-eabi-13.3.rel1/bin/../lib/gcc/arm-none-eabi/13.3.1/../../../../arm-none-eabi/lib/thumb/v7-m/nofp/crt0.o (memset)
/home/budali11/arm-none-eabi-13.3.rel1/bin/../lib/gcc/arm-none-eabi/13.3.1/../../../../arm-none-eabi/lib/thumb/v7-m/nofp/libg.a(libc_a-init.o)
                              /home/budali11/arm-none-eabi-13.3.rel1/bin/../lib/gcc/arm-none-eabi/13.3.1/../../../../arm-none-eabi/lib/thumb/v7-m/nofp/crt0.o (__libc_init_array)
/home/budali11/arm-none-eabi-13.3.rel1/bin/../lib/gcc/arm-none-eabi/13.3.1/../../../../arm-none-eabi/lib/thumb/v7-m/nofp/libg.a(libc_a-fini.o)
                              /home/budali11/arm-none-eabi-13.3.rel1/bin/../lib/gcc/arm-none-eabi/13.3.1/../../../../arm-none-eabi/lib/thumb/v7-m/nofp/libg.a(libc_a-__call_atexit.o) (__libc_fini_array)
/home/budali11/arm-none-eabi-13.3.rel1/bin/../lib/gcc/arm-none-eabi/13.3.1/../../../../arm-none-eabi/lib/thumb/v7-m/nofp/libg.a(libc_a-lock.o)
                              /home/budali11/arm-none-eabi-13.3.rel1/bin/../lib/gcc/arm-none-eabi/13.3.1/../../../../arm-none-eabi/lib/thumb/v7-m/nofp/libg.a(libc_a-findfp.o) (__retarget_lock_init_recursive)
[...]
Memory Configuration

Name             Origin             Length             Attributes
rom              0x00000000         0x00080000         xr
ram              0x20000000         0x00010000         xrw
hramc1           0x21000000         0x00000800         xrw
*default*        0x00000000         0xffffffff

Linker script and memory map

LOAD /home/budali11/arm-none-eabi-13.3.rel1/bin/../lib/gcc/arm-none-eabi/13.3.1/thumb/v7-m/nofp/crti.o
LOAD /home/budali11/arm-none-eabi-13.3.rel1/bin/../lib/gcc/arm-none-eabi/13.3.1/thumb/v7-m/nofp/crtbegin.o
LOAD /home/budali11/arm-none-eabi-13.3.rel1/bin/../lib/gcc/arm-none-eabi/13.3.1/../../../../arm-none-eabi/lib/thumb/v7-m/nofp/crt0.o
LOAD CMakeFiles/sam4l-reb215.elf.dir/src/main.c.o
LOAD CMakeFiles/sam4l-reb215.elf.dir/src/at86rf215.c.o
LOAD CMakeFiles/sam4l-reb215.elf.dir/home/budali11/workbench/atmel/xdk-asf-3.52.0/sam/utils/cmsis/sam4l/source/templates/exceptions.c.o
LOAD CMakeFiles/sam4l-reb215.elf.dir/home/budali11/workbench/atmel/xdk-asf-3.52.0/sam/utils/cmsis/sam4l/source/templates/gcc/startup_sam4l.c.o
LOAD CMakeFiles/sam4l-reb215.elf.dir/home/budali11/workbench/atmel/xdk-asf-3.52.0/sam/utils/cmsis/sam4l/source/templates/system_sam4l.c.o
LOAD CMakeFiles/sam4l-reb215.elf.dir/home/budali11/workbench/atmel/xdk-asf-3.52.0/sam/boards/sam4l8_xplained_pro/init.c.o
LOAD CMakeFiles/sam4l-reb215.elf.dir/home/budali11/workbench/atmel/xdk-asf-3.52.0/sam/drivers/usart/usart.c.o
LOAD CMakeFiles/sam4l-reb215.elf.dir/home/budali11/workbench/atmel/xdk-asf-3.52.0/sam/drivers/spi/spi.c.o
LOAD CMakeFiles/sam4l-reb215.elf.dir/home/budali11/workbench/atmel/xdk-asf-3.52.0/sam/drivers/flashcalw/flashcalw.c.o
LOAD CMakeFiles/sam4l-reb215.elf.dir/home/budali11/workbench/atmel/xdk-asf-3.52.0/sam/drivers/bpm/bpm.c.o
LOAD CMakeFiles/sam4l-reb215.elf.dir/home/budali11/workbench/atmel/xdk-asf-3.52.0/sam/drivers/wdt/wdt_sam4l.c.o
LOAD CMakeFiles/sam4l-reb215.elf.dir/home/budali11/workbench/atmel/xdk-asf-3.52.0/sam/drivers/gpio/gpio.c.o
LOAD CMakeFiles/sam4l-reb215.elf.dir/home/budali11/workbench/atmel/xdk-asf-3.52.0/sam/utils/syscalls/gcc/syscalls.c.o
LOAD CMakeFiles/sam4l-reb215.elf.dir/home/budali11/workbench/atmel/xdk-asf-3.52.0/common/services/clock/sam4l/sysclk.c.o
LOAD CMakeFiles/sam4l-reb215.elf.dir/home/budali11/workbench/atmel/xdk-asf-3.52.0/common/services/clock/sam4l/dfll.c.o
LOAD CMakeFiles/sam4l-reb215.elf.dir/home/budali11/workbench/atmel/xdk-asf-3.52.0/common/services/clock/sam4l/osc.c.o
LOAD CMakeFiles/sam4l-reb215.elf.dir/home/budali11/workbench/atmel/xdk-asf-3.52.0/common/services/clock/sam4l/pll.c.o
LOAD CMakeFiles/sam4l-reb215.elf.dir/home/budali11/workbench/atmel/xdk-asf-3.52.0/common/utils/interrupt/interrupt_sam_nvic.c.o
LOAD CMakeFiles/sam4l-reb215.elf.dir/home/budali11/workbench/atmel/xdk-asf-3.52.0/common/utils/stdio/read.c.o
LOAD CMakeFiles/sam4l-reb215.elf.dir/home/budali11/workbench/atmel/xdk-asf-3.52.0/common/utils/stdio/write.c.o
START GROUP
LOAD /home/budali11/arm-none-eabi-13.3.rel1/bin/../lib/gcc/arm-none-eabi/13.3.1/thumb/v7-m/nofp/libgcc.a
LOAD /home/budali11/arm-none-eabi-13.3.rel1/bin/../lib/gcc/arm-none-eabi/13.3.1/../../../../arm-none-eabi/lib/thumb/v7-m/nofp/libg.a
LOAD /home/budali11/arm-none-eabi-13.3.rel1/bin/../lib/gcc/arm-none-eabi/13.3.1/../../../../arm-none-eabi/lib/thumb/v7-m/nofp/libc.a
END GROUP
LOAD /home/budali11/arm-none-eabi-13.3.rel1/bin/../lib/gcc/arm-none-eabi/13.3.1/thumb/v7-m/nofp/crtend.o
LOAD /home/budali11/arm-none-eabi-13.3.rel1/bin/../lib/gcc/arm-none-eabi/13.3.1/thumb/v7-m/nofp/crtn.o
                0x00004000                        STACK_SIZE = DEFINED (STACK_SIZE)?STACK_SIZE:DEFINED (__stack_size__)?__stack_size__:0x4000

.text           0x00000000    0x101a4
                0x00000000                        . = ALIGN (0x4)
                0x00000000                        _sfixed = .
 *(.vectors .vectors.*)
 .vectors       0x00000000      0x180 CMakeFiles/sam4l-reb215.elf.dir/home/budali11/workbench/atmel/xdk-asf-3.52.0/sam/utils/cmsis/sam4l/source/templates/gcc/startup_sam4l.c.o
                0x00000000                exception_table
 *(.text .text.* .gnu.linkonce.t.*)
 .text          0x00000180        0x0 /home/budali11/arm-none-eabi-13.3.rel1/bin/../lib/gcc/arm-none-eabi/13.3.1/thumb/v7-m/nofp/crti.o
 .text          0x00000180        0x0 /home/budali11/arm-none-eabi-13.3.rel1/bin/../lib/gcc/arm-none-eabi/13.3.1/thumb/v7-m/nofp/crtbegin.o
 .text.deregister_tm_clones
                0x00000180       0x1c /home/budali11/arm-none-eabi-13.3.rel1/bin/../lib/gcc/arm-none-eabi/13.3.1/thumb/v7-m/nofp/crtbegin.o
 .text.register_tm_clones
                0x0000019c       0x24 /home/budali11/arm-none-eabi-13.3.rel1/bin/../lib/gcc/arm-none-eabi/13.3.1/thumb/v7-m/nofp/crtbegin.o
 .text.__do_global_dtors_aux
                0x000001c0       0x28 /home/budali11/arm-none-eabi-13.3.rel1/bin/../lib/gcc/arm-none-eabi/13.3.1/thumb/v7-m/nofp/crtbegin.o
 .text.frame_dummy
                0x000001e8       0x24 /home/budali11/arm-none-eabi-13.3.rel1/bin/../lib/gcc/arm-none-eabi/13.3.1/thumb/v7-m/nofp/crtbegin.o
 .text          0x0000020c       0x7c /home/budali11/arm-none-eabi-13.3.rel1/bin/../lib/gcc/arm-none-eabi/13.3.1/../../../../arm-none-eabi/lib/thumb/v7-m/nofp/crt0.o
                0x0000020c                _stack_init
                0x00000214                _mainCRTStartup
                0x00000214                _start
 .text          0x00000288      0x908 CMakeFiles/sam4l-reb215.elf.dir/src/main.c.o
                0x000007dc                delay
                0x0000081a                main
                0x00000b06                USART0_Handler
 .text          0x00000b90      0x52c CMakeFiles/sam4l-reb215.elf.dir/src/at86rf215.c.o
                0x00000d4c                rf215_init_09
                0x00000dd8                rf215_read_id
                0x00000df4                rf215_reset
                0x00000e34                rf215_set_route_IQ_directly
                0x00000e50                IQ_receive_test
                0x00001000                TRXRDY_callback
                0x00001018                REB215_IRQ_Callback
 .text          0x000010bc        0x6 CMakeFiles/sam4l-reb215.elf.dir/home/budali11/workbench/atmel/xdk-asf-3.52.0/sam/utils/cmsis/sam4l/source/templates/exceptions.c.o
                0x000010bc                EIC_5_Handler
                0x000010bc                DACC_Handler
                0x000010bc                DebugMon_Handler
                0x000010bc                TRNG_Handler
                0x000010bc                HardFault_Handler
                0x000010bc                SPI_Handler
                0x000010bc                EIC_4_Handler
                0x000010bc                SysTick_Handler
                0x000010bc                PDCA_10_Handler
                0x000010bc                USART3_Handler
                0x000010bc                AST_PER_Handler
                0x000010bc                AST_CLKREADY_Handler
                0x000010bc                AST_OVF_Handler
                0x000010bc                PDCA_5_Handler
                0x000010bc                PendSV_Handler
                0x000010bc                NMI_Handler
                0x000010bc                SCIF_Handler
                0x000010bc                PDCA_15_Handler
                0x000010bc                CRCCU_Handler
                0x000010bc                EIC_3_Handler
                0x000010bc                TWIM3_Handler
                0x000010bc                UsageFault_Handler
                0x000010bc                PDCA_0_Handler
                0x000010bc                TC12_Handler
                0x000010bc                PDCA_14_Handler
                0x000010bc                BPM_Handler
                0x000010bc                PARC_Handler
                0x000010bc                WDT_Handler
                0x000010bc                EIC_8_Handler
                0x000010bc                TWIS0_Handler
                0x000010bc                PDCA_8_Handler
                0x000010bc                TWIS1_Handler
                0x000010bc                TWIM2_Handler
                0x000010bc                AESA_Handler
                0x000010bc                PDCA_13_Handler
                0x000010bc                Dummy_Handler
                0x000010bc                PDCA_3_Handler
                0x000010bc                ABDACB_Handler
                0x000010bc                CATB_Handler
                0x000010bc                LCDCA_Handler
                0x000010bc                USART1_Handler
                0x000010bc                AST_READY_Handler
                0x000010bc                PDCA_2_Handler
                0x000010bc                AST_ALARM_Handler
                0x000010bc                TWIM0_Handler
                0x000010bc                PM_Handler
                0x000010bc                TC11_Handler
                0x000010bc                PDCA_1_Handler
                0x000010bc                PDCA_11_Handler
                0x000010bc                ACIFC_Handler
                0x000010bc                TC00_Handler
                0x000010bc                TC02_Handler
                0x000010bc                PDCA_6_Handler
                0x000010bc                MemManage_Handler
                0x000010bc                SVC_Handler
                0x000010bc                PDCA_12_Handler
                0x000010bc                PDCA_9_Handler
                0x000010bc                ADCIFE_Handler
                0x000010bc                EIC_2_Handler
                0x000010bc                PDCA_7_Handler
                0x000010bc                PEVC_TR_Handler
                0x000010bc                USART2_Handler
                0x000010bc                EIC_6_Handler
                0x000010bc                TC10_Handler
                0x000010bc                TWIM1_Handler
                0x000010bc                EIC_1_Handler
                0x000010bc                EIC_7_Handler
                0x000010bc                HFLASHC_Handler
                0x000010bc                TC01_Handler
                0x000010bc                BSCIF_Handler
                0x000010bc                USBC_Handler
                0x000010bc                IISC_Handler
                0x000010bc                BusFault_Handler
                0x000010bc                FREQM_Handler
                0x000010bc                PDCA_4_Handler
                0x000010bc                PEVC_OV_Handler
 *fill*         0x000010c2        0x2 
 .text          0x000010c4       0x7c CMakeFiles/sam4l-reb215.elf.dir/home/budali11/workbench/atmel/xdk-asf-3.52.0/sam/utils/cmsis/sam4l/source/templates/gcc/startup_sam4l.c.o
                0x000010c4                Reset_Handler
 .text          0x00001140       0x38 CMakeFiles/sam4l-reb215.elf.dir/home/budali11/workbench/atmel/xdk-asf-3.52.0/sam/utils/cmsis/sam4l/source/templates/system_sam4l.c.o
                0x00001140                SystemInit
                0x0000115c                SystemCoreClockUpdate
 .text          0x00001178      0x2f4 CMakeFiles/sam4l-reb215.elf.dir/home/budali11/workbench/atmel/xdk-asf-3.52.0/sam/boards/sam4l8_xplained_pro/init.c.o
                0x00001416                board_init
 .text          0x0000146c     0x106c CMakeFiles/sam4l-reb215.elf.dir/home/budali11/workbench/atmel/xdk-asf-3.52.0/sam/drivers/usart/usart.c.o
                0x0000146c                usart_set_async_baudrate
                0x000015cc                usart_reset
                0x00001612                usart_init_rs232
                0x0000168c                usart_init_hw_handshaking
                0x000016c6                usart_init_modem
                0x00001710                usart_init_sync_master
                0x00001790                usart_init_sync_slave
                0x000017fc                usart_init_rs485
                0x00001836                usart_init_irda
                0x000018cc                usart_init_iso7816
                0x000019d8                usart_reset_iterations
                0x000019f2                usart_reset_nack
                0x00001a0c                usart_is_rx_buf_full
                0x00001a30                usart_get_error_number
                0x00001a48                usart_init_spi_master
                0x00001b50                usart_init_spi_slave
                0x00001c44                usart_init_lin_master
                0x00001c90                usart_init_lin_slave
                0x00001cdc                usart_lin_abort_tx
                0x00001cf6                usart_lin_send_wakeup_signal
                0x00001d10                usart_lin_set_node_action
                0x00001d36                usart_lin_disable_parity
                0x00001d54                usart_lin_enable_parity
                0x00001d72                usart_lin_disable_checksum
                0x00001d90                usart_lin_enable_checksum
                0x00001dae                usart_lin_set_checksum_type
                0x00001dd6                usart_lin_set_data_len_mode
                0x00001dfe                usart_lin_disable_frame_slot
                0x00001e1c                usart_lin_enable_frame_slot
                0x00001e3a                usart_lin_set_wakeup_signal_type
                0x00001e62                usart_lin_set_response_data_len
                0x00001e8c                usart_lin_disable_pdc_mode
                0x00001eaa                usart_lin_enable_pdc_mode
                0x00001ec8                usart_lin_set_tx_identifier
                0x00001eee                usart_lin_read_identifier
                0x00001f06                usart_lin_get_data_length
                0x00001f46                usart_enable_tx
                0x00001f5e                usart_disable_tx
                0x00001f76                usart_reset_tx
                0x00001f8e                usart_set_tx_timeguard
                0x00001fa8                usart_enable_rx
                0x00001fc0                usart_disable_rx
                0x00001fd8                usart_reset_rx
                0x00001ff0                usart_set_rx_timeout
                0x0000200a                usart_enable_interrupt
                0x00002024                usart_disable_interrupt
                0x0000203e                usart_get_interrupt_mask
                0x00002054                usart_get_status
                0x0000206a                usart_reset_status
                0x00002084                usart_start_tx_break
                0x0000209e                usart_stop_tx_break
                0x000020b8                usart_start_rx_timeout
                0x000020d2                usart_send_address
                0x00002112                usart_restart_rx_timeout
                0x0000212c                usart_drive_DTR_pin_low
                0x00002146                usart_drive_DTR_pin_high
                0x00002160                usart_drive_RTS_pin_low
                0x0000217a                usart_drive_RTS_pin_high
                0x00002194                usart_spi_force_chip_select
                0x000021ae                usart_spi_release_chip_select
                0x000021c8                usart_is_tx_ready
                0x000021ec                usart_is_tx_empty
                0x00002210                usart_is_rx_ready
                0x00002234                usart_write
                0x00002264                usart_putchar
                0x00002292                usart_write_line
                0x000022c0                usart_read
                0x000022f2                usart_getchar
                0x00002322                usart_enable_writeprotect
                0x00002340                usart_disable_writeprotect
                0x00002360                usart_get_writeprotect_status
                0x0000238e                usart_man_set_tx_pre_len
                0x000023b8                usart_man_set_tx_pre_pattern
                0x000023e0                usart_man_set_tx_polarity
                0x00002408                usart_man_set_rx_pre_len
                0x00002434                usart_man_set_rx_pre_pattern
                0x0000245c                usart_man_set_rx_polarity
                0x00002484                usart_man_enable_drift_compensation
                0x000024a2                usart_man_disable_drift_compensation
                0x000024c0                usart_get_version
 .text          0x000024d8      0x45c CMakeFiles/sam4l-reb215.elf.dir/home/budali11/workbench/atmel/xdk-asf-3.52.0/sam/drivers/spi/spi.c.o
                0x000024fc                spi_enable_clock
                0x00002512                spi_disable_clock
                0x00002528                spi_set_peripheral_chip_select_value
                0x0000255a                spi_set_delay_between_chip_select
                0x00002588                spi_read
                0x000025f4                spi_write
                0x0000266e                spi_set_clock_polarity
                0x000026bc                spi_set_clock_phase
                0x0000270a                spi_configure_cs_behavior
                0x000027ae                spi_set_bits_per_transfer
                0x000027f6                spi_calc_baudrate_div
                0x00002830                spi_set_baudrate_div
                0x0000288c                spi_set_transfer_delay
                0x000028e8                spi_set_writeprotect
                0x0000291c                spi_get_writeprotect_status
 .text          0x00002934     0x1318 CMakeFiles/sam4l-reb215.elf.dir/home/budali11/workbench/atmel/xdk-asf-3.52.0/sam/drivers/flashcalw/flashcalw.c.o
                0x00002934                flashcalw_get_flash_size
                0x000029b0                flashcalw_get_page_count
                0x000029c0                flashcalw_get_page_count_per_region
                0x000029d0                flashcalw_get_page_region
                0x000029fa                flashcalw_get_region_first_page_number
                0x00002a16                flashcalw_get_wait_state
                0x00002a38                flashcalw_set_wait_state
                0x00002a68                flashcalw_set_flash_waitstate_and_readmode
                0x00002b1c                flashcalw_is_ready_int_enabled
                0x00002b40                flashcalw_enable_ready_int
                0x00002b68                flashcalw_is_lock_error_int_enabled
                0x00002b8c                flashcalw_enable_lock_error_int
                0x00002bb4                flashcalw_is_prog_error_int_enabled
                0x00002bd8                flashcalw_enable_prog_error_int
                0x00002c00                flashcalw_is_ready
                0x00002c24                flashcalw_default_wait_until_ready
                0x00002c58                flashcalw_is_lock_error
                0x00002c7c                flashcalw_is_programming_error
                0x00002ca0                flashcalw_get_command
                0x00002cb8                flashcalw_get_page_number
                0x00002cd0                flashcalw_issue_command
                0x00002d44                flashcalw_no_operation
                0x00002d56                flashcalw_erase_all
                0x00002d68                flashcalw_is_security_bit_active
                0x00002d8c                flashcalw_set_security_bit
                0x00002d9e                flashcalw_is_page_region_locked
                0x00002dc0                flashcalw_is_region_locked
                0x00002df4                flashcalw_lock_page_region
                0x00002e1c                flashcalw_lock_region
                0x00002e44                flashcalw_lock_all_regions
                0x00002e8c                flashcalw_read_gp_fuse_bit
                0x00002ede                flashcalw_read_gp_fuse_bitfield
                0x00002f6a                flashcalw_read_gp_fuse_byte
                0x00002fa8                flashcalw_read_all_gp_fuses
                0x00002ff4                flashcalw_erase_gp_fuse_bit
                0x0000302e                flashcalw_erase_gp_fuse_bitfield
                0x000030e8                flashcalw_erase_gp_fuse_byte
                0x00003180                flashcalw_erase_all_gp_fuses
                0x000031c2                flashcalw_write_gp_fuse_bit
                0x000031f0                flashcalw_write_gp_fuse_bitfield
                0x00003280                flashcalw_write_gp_fuse_byte
                0x000032a8                flashcalw_write_all_gp_fuses
                0x00003308                flashcalw_set_gp_fuse_bit
                0x00003334                flashcalw_set_gp_fuse_bitfield
                0x000033c4                flashcalw_set_gp_fuse_byte
                0x00003420                flashcalw_set_all_gp_fuses
                0x00003488                flashcalw_clear_page_buffer
                0x0000349a                flashcalw_is_page_erased
                0x000034bc                flashcalw_quick_page_read
                0x000034da                flashcalw_erase_page
                0x00003524                flashcalw_erase_all_pages
                0x00003588                flashcalw_write_page
                0x000035a0                flashcalw_quick_user_page_read
                0x000035b8                flashcalw_erase_user_page
                0x000035ea                flashcalw_write_user_page
                0x000035fc                flashcalw_memset8
                0x00003630                flashcalw_memset16
                0x00003660                flashcalw_memset32
                0x000036ae                flashcalw_memset64
                0x000039d0                flashcalw_memcpy
                0x00003b04                flashcalw_picocache_enable
                0x00003b30                flashcalw_picocache_disable
                0x00003b5c                flashcalw_picocache_get_status
                0x00003b70                flashcalw_picocache_invalid_all
                0x00003b88                flashcalw_picocache_invalid_line
                0x00003bbc                flashcalw_picocache_set_monitor_mode
                0x00003bd8                flashcalw_picocache_enable_monitor
                0x00003bf0                flashcalw_picocache_disable_monitor
                0x00003c08                flashcalw_picocache_reset_monitor
                0x00003c20                flashcalw_picocache_get_monitor_cnt
                0x00003c34                flashcalw_picocache_get_version
 .text          0x00003c4c      0x4ec CMakeFiles/sam4l-reb215.elf.dir/home/budali11/workbench/atmel/xdk-asf-3.52.0/sam/drivers/bpm/bpm.c.o
                0x00003cd8                bpm_power_scaling_cpu_failsafe
                0x00003d70                bpm_power_scaling_cpu
                0x00003dc8                bpm_enable_fast_wakeup
                0x00003df8                bpm_disable_fast_wakeup
                0x00003e28                bpm_set_clk32_source
                0x00003e70                bpm_get_backup_wakeup_cause
                0x00003e86                bpm_enable_wakeup_source
                0x00003ea6                bpm_disable_wakeup_source
                0x00003ec8                bpm_enable_backup_pin
                0x00003ee8                bpm_disable_backup_pin
                0x00003f0a                bpm_enable_io_retention
                0x00003f28                bpm_disable_io_retention
                0x00003f46                bpm_enable_interrupt
                0x00003f60                bpm_disable_interrupt
                0x00003f7a                bpm_get_interrupt_mask
                0x00003f90                bpm_get_interrupt_status
                0x00003fa6                bpm_clear_interrupt
                0x00003fc0                bpm_get_status
                0x00003fd6                bpm_get_version
                0x00003fee                bpm_sleep
 .text          0x00004138      0x374 CMakeFiles/sam4l-reb215.elf.dir/home/budali11/workbench/atmel/xdk-asf-3.52.0/sam/drivers/wdt/wdt_sam4l.c.o
                0x00004248                wdt_get_config_defaults
                0x0000428a                wdt_init
                0x00004382                wdt_enable
                0x000043d8                wdt_disable
                0x00004410                wdt_clear
                0x0000444c                wdt_reset_mcu
 .text          0x000044ac      0x330 CMakeFiles/sam4l-reb215.elf.dir/home/budali11/workbench/atmel/xdk-asf-3.52.0/sam/drivers/gpio/gpio.c.o
                0x000045b0                gpio_set_pin_callback
                0x00004708                GPIO_0_Handler
                0x00004718                GPIO_1_Handler
                0x0000472a                GPIO_2_Handler
                0x0000473c                GPIO_3_Handler
                0x0000474e                GPIO_4_Handler
                0x0000475e                GPIO_5_Handler
                0x00004770                GPIO_6_Handler
                0x00004782                GPIO_7_Handler
                0x00004794                GPIO_8_Handler
                0x000047a4                GPIO_9_Handler
                0x000047b6                GPIO_10_Handler
                0x000047c8                GPIO_11_Handler
 .text          0x000047dc      0x100 CMakeFiles/sam4l-reb215.elf.dir/home/budali11/workbench/atmel/xdk-asf-3.52.0/sam/utils/syscalls/gcc/syscalls.c.o
                0x000047dc                _sbrk
                0x00004834                link
                0x0000484c                _close
                0x00004862                _fstat
                0x00004880                _isatty
                0x00004894                _lseek
                0x000048ac                _exit
                0x000048b8                _kill
                0x000048cc                _getpid
 .text          0x000048dc     0x17c8 CMakeFiles/sam4l-reb215.elf.dir/home/budali11/workbench/atmel/xdk-asf-3.52.0/common/services/clock/sam4l/sysclk.c.o
                0x0000507c                sysclk_priv_enable_module
                0x000050dc                sysclk_priv_disable_module
                0x0000513c                sysclk_enable_pba_module
                0x00005174                sysclk_disable_pba_module
                0x000051ac                sysclk_enable_pbb_module
                0x000051e4                sysclk_disable_pbb_module
                0x0000521c                sysclk_get_peripheral_bus_hz
                0x00005520                sysclk_enable_peripheral_clock
                0x000059f2                sysclk_disable_peripheral_clock
                0x00005eb4                sysclk_set_prescalers
                0x00005fa4                sysclk_set_source
                0x00005fd4                sysclk_enable_usb
                0x00005ff2                sysclk_disable_usb
                0x00006000                sysclk_init
 .text          0x000060a4      0x3d0 CMakeFiles/sam4l-reb215.elf.dir/home/budali11/workbench/atmel/xdk-asf-3.52.0/common/services/clock/sam4l/dfll.c.o
                0x000061a8                dfll_enable_open_loop
                0x00006284                dfll_disable_open_loop
                0x000062e8                dfll_enable_closed_loop
                0x000063cc                dfll_disable_closed_loop
                0x00006430                dfll_enable_config_defaults
 .text          0x00006474      0x354 CMakeFiles/sam4l-reb215.elf.dir/home/budali11/workbench/atmel/xdk-asf-3.52.0/common/services/clock/sam4l/osc.c.o
                0x00006500                osc_priv_enable_osc0
                0x00006534                osc_priv_disable_osc0
                0x00006570                osc_priv_enable_osc32
                0x000065a4                osc_priv_disable_osc32
                0x000065e8                osc_priv_enable_rc32k
                0x00006620                osc_priv_disable_rc32k
                0x0000665c                osc_priv_enable_rc1m
                0x00006694                osc_priv_disable_rc1m
                0x000066d0                osc_priv_enable_rc80m
                0x00006708                osc_priv_disable_rc80m
                0x00006744                osc_priv_enable_rcfast
                0x00006784                osc_priv_disable_rcfast
 .text          0x000067c8      0x158 CMakeFiles/sam4l-reb215.elf.dir/home/budali11/workbench/atmel/xdk-asf-3.52.0/common/services/clock/sam4l/pll.c.o
                0x00006854                pll_config_write
                0x00006898                pll_enable
                0x000068e0                pll_disable
 .text          0x00006920       0x9c CMakeFiles/sam4l-reb215.elf.dir/home/budali11/workbench/atmel/xdk-asf-3.52.0/common/utils/interrupt/interrupt_sam_nvic.c.o
                0x00006920                cpu_irq_enter_critical
                0x00006978                cpu_irq_leave_critical
 .text          0x000069bc       0x54 CMakeFiles/sam4l-reb215.elf.dir/home/budali11/workbench/atmel/xdk-asf-3.52.0/common/utils/stdio/read.c.o
                0x000069bc                _read
 .text          0x00006a10       0x6c CMakeFiles/sam4l-reb215.elf.dir/home/budali11/workbench/atmel/xdk-asf-3.52.0/common/utils/stdio/write.c.o
                0x00006a10                _write
 .text          0x00006a7c        0x0 /home/budali11/arm-none-eabi-13.3.rel1/bin/../lib/gcc/arm-none-eabi/13.3.1/../../../../arm-none-eabi/lib/thumb/v7-m/nofp/libg.a(libc_a-exit.o)
 .text.exit     0x00006a7c       0x1c /home/budali11/arm-none-eabi-13.3.rel1/bin/../lib/gcc/arm-none-eabi/13.3.1/../../../../arm-none-eabi/lib/thumb/v7-m/nofp/libg.a(libc_a-exit.o)
                0x00006a7c                exit
 .text          0x00006a98        0x0 /home/budali11/arm-none-eabi-13.3.rel1/bin/../lib/gcc/arm-none-eabi/13.3.1/../../../../arm-none-eabi/lib/thumb/v7-m/nofp/libg.a(libc_a-findfp.o)
 .text.stdio_exit_handler
                0x00006a98       0x18 /home/budali11/arm-none-eabi-13.3.rel1/bin/../lib/gcc/arm-none-eabi/13.3.1/../../../../arm-none-eabi/lib/thumb/v7-m/nofp/libg.a(libc_a-findfp.o)
 .text.cleanup_stdio
                0x00006ab0       0x40 /home/budali11/arm-none-eabi-13.3.rel1/bin/../lib/gcc/arm-none-eabi/13.3.1/../../../../arm-none-eabi/lib/thumb/v7-m/nofp/libg.a(libc_a-findfp.o)
 .text.__fp_lock
                0x00006af0       0x1c /home/budali11/arm-none-eabi-13.3.rel1/bin/../lib/gcc/arm-none-eabi/13.3.1/../../../../arm-none-eabi/lib/thumb/v7-m/nofp/libg.a(libc_a-findfp.o)
 .text.__fp_unlock
                0x00006b0c       0x1c /home/budali11/arm-none-eabi-13.3.rel1/bin/../lib/gcc/arm-none-eabi/13.3.1/../../../../arm-none-eabi/lib/thumb/v7-m/nofp/libg.a(libc_a-findfp.o)
 .text.global_stdio_init.part.0
                0x00006b28       0xf0 /home/budali11/arm-none-eabi-13.3.rel1/bin/../lib/gcc/arm-none-eabi/13.3.1/../../../../arm-none-eabi/lib/thumb/v7-m/nofp/libg.a(libc_a-findfp.o)
 .text.__sfp    0x00006c18       0xc0 /home/budali11/arm-none-eabi-13.3.rel1/bin/../lib/gcc/arm-none-eabi/13.3.1/../../../../arm-none-eabi/lib/thumb/v7-m/nofp/libg.a(libc_a-findfp.o)
                0x00006c18                __sfp
 .text.__sinit  0x00006cd8       0x3c /home/budali11/arm-none-eabi-13.3.rel1/bin/../lib/gcc/arm-none-eabi/13.3.1/../../../../arm-none-eabi/lib/thumb/v7-m/nofp/libg.a(libc_a-findfp.o)
                0x00006cd8                __sinit
 .text.__sfp_lock_acquire
                0x00006d14        0xc /home/budali11/arm-none-eabi-13.3.rel1/bin/../lib/gcc/arm-none-eabi/13.3.1/../../../../arm-none-eabi/lib/thumb/v7-m/nofp/libg.a(libc_a-findfp.o)
                0x00006d14                __sfp_lock_acquire
 .text.__sfp_lock_release
                0x00006d20        0xc /home/budali11/arm-none-eabi-13.3.rel1/bin/../lib/gcc/arm-none-eabi/13.3.1/../../../../arm-none-eabi/lib/thumb/v7-m/nofp/libg.a(libc_a-findfp.o)
                0x00006d20                __sfp_lock_release
 .text.__fp_lock_all
                0x00006d2c       0x24 /home/budali11/arm-none-eabi-13.3.rel1/bin/../lib/gcc/arm-none-eabi/13.3.1/../../../../arm-none-eabi/lib/thumb/v7-m/nofp/libg.a(libc_a-findfp.o)
                0x00006d2c                __fp_lock_all
 .text.__fp_unlock_all
                0x00006d50       0x24 /home/budali11/arm-none-eabi-13.3.rel1/bin/../lib/gcc/arm-none-eabi/13.3.1/../../../../arm-none-eabi/lib/thumb/v7-m/nofp/libg.a(libc_a-findfp.o)
                0x00006d50                __fp_unlock_all
 .text          0x00006d74        0x0 /home/budali11/arm-none-eabi-13.3.rel1/bin/../lib/gcc/arm-none-eabi/13.3.1/../../../../arm-none-eabi/lib/thumb/v7-m/nofp/libg.a(libc_a-sprintf.o)
 .text._sprintf_r
                0x00006d74       0x3c /home/budali11/arm-none-eabi-13.3.rel1/bin/../lib/gcc/arm-none-eabi/13.3.1/../../../../arm-none-eabi/lib/thumb/v7-m/nofp/libg.a(libc_a-sprintf.o)
                0x00006d74                _sprintf_r
 .text.sprintf  0x00006db0       0x44 /home/budali11/arm-none-eabi-13.3.rel1/bin/../lib/gcc/arm-none-eabi/13.3.1/../../../../arm-none-eabi/lib/thumb/v7-m/nofp/libg.a(libc_a-sprintf.o)
                0x00006db0                sprintf
 .text          0x00006df4        0x0 /home/budali11/arm-none-eabi-13.3.rel1/bin/../lib/gcc/arm-none-eabi/13.3.1/../../../../arm-none-eabi/lib/thumb/v7-m/nofp/libg.a(libc_a-stdio.o)
 .text.__sread  0x00006df4       0x24 /home/budali11/arm-none-eabi-13.3.rel1/bin/../lib/gcc/arm-none-eabi/13.3.1/../../../../arm-none-eabi/lib/thumb/v7-m/nofp/libg.a(libc_a-stdio.o)
                0x00006df4                __sread
 .text.__seofread
                0x00006e18        0x4 /home/budali11/arm-none-eabi-13.3.rel1/bin/../lib/gcc/arm-none-eabi/13.3.1/../../../../arm-none-eabi/lib/thumb/v7-m/nofp/libg.a(libc_a-stdio.o)
                0x00006e18                __seofread
 .text.__swrite
                0x00006e1c       0x40 /home/budali11/arm-none-eabi-13.3.rel1/bin/../lib/gcc/arm-none-eabi/13.3.1/../../../../arm-none-eabi/lib/thumb/v7-m/nofp/libg.a(libc_a-stdio.o)
                0x00006e1c                __swrite
 .text.__sseek  0x00006e5c       0x24 /home/budali11/arm-none-eabi-13.3.rel1/bin/../lib/gcc/arm-none-eabi/13.3.1/../../../../arm-none-eabi/lib/thumb/v7-m/nofp/libg.a(libc_a-stdio.o)
                0x00006e5c                __sseek
 .text.__sclose
                0x00006e80        0x8 /home/budali11/arm-none-eabi-13.3.rel1/bin/../lib/gcc/arm-none-eabi/13.3.1/../../../../arm-none-eabi/lib/thumb/v7-m/nofp/libg.a(libc_a-stdio.o)
                0x00006e80                __sclose
 .text          0x00006e88        0x0 /home/budali11/arm-none-eabi-13.3.rel1/bin/../lib/gcc/arm-none-eabi/13.3.1/../../../../arm-none-eabi/lib/thumb/v7-m/nofp/libg.a(libc_a-mallocr.o)
 .text._malloc_r
                0x00006e88      0x568 /home/budali11/arm-none-eabi-13.3.rel1/bin/../lib/gcc/arm-none-eabi/13.3.1/../../../../arm-none-eabi/lib/thumb/v7-m/nofp/libg.a(libc_a-mallocr.o)
                0x00006e88                _malloc_r
 .text          0x000073f0        0x0 /home/budali11/arm-none-eabi-13.3.rel1/bin/../lib/gcc/arm-none-eabi/13.3.1/../../../../arm-none-eabi/lib/thumb/v7-m/nofp/libg.a(libc_a-__call_atexit.o)
 .text.startup.register_fini
                0x000073f0       0x14 /home/budali11/arm-none-eabi-13.3.rel1/bin/../lib/gcc/arm-none-eabi/13.3.1/../../../../arm-none-eabi/lib/thumb/v7-m/nofp/libg.a(libc_a-__call_atexit.o)
 .text.__call_exitprocs
                0x00007404       0xc0 /home/budali11/arm-none-eabi-13.3.rel1/bin/../lib/gcc/arm-none-eabi/13.3.1/../../../../arm-none-eabi/lib/thumb/v7-m/nofp/libg.a(libc_a-__call_atexit.o)
                0x00007404                __call_exitprocs
 .text          0x000074c4        0x0 /home/budali11/arm-none-eabi-13.3.rel1/bin/../lib/gcc/arm-none-eabi/13.3.1/../../../../arm-none-eabi/lib/thumb/v7-m/nofp/libg.a(libc_a-sbrkr.o)
 .text._sbrk_r  0x000074c4       0x24 /home/budali11/arm-none-eabi-13.3.rel1/bin/../lib/gcc/arm-none-eabi/13.3.1/../../../../arm-none-eabi/lib/thumb/v7-m/nofp/libg.a(libc_a-sbrkr.o)
                0x000074c4                _sbrk_r
 .text          0x000074e8        0x0 /home/budali11/arm-none-eabi-13.3.rel1/bin/../lib/gcc/arm-none-eabi/13.3.1/../../../../arm-none-eabi/lib/thumb/v7-m/nofp/libg.a(libc_a-writer.o)
 .text._write_r
                0x000074e8       0x2c /home/budali11/arm-none-eabi-13.3.rel1/bin/../lib/gcc/arm-none-eabi/13.3.1/../../../../arm-none-eabi/lib/thumb/v7-m/nofp/libg.a(libc_a-writer.o)
                0x000074e8                _write_r
 .text          0x00007514        0x0 /home/budali11/arm-none-eabi-13.3.rel1/bin/../lib/gcc/arm-none-eabi/13.3.1/../../../../arm-none-eabi/lib/thumb/v7-m/nofp/libg.a(libc_a-fwalk.o)
 .text._fwalk_sglue
                0x00007514       0x44 /home/budali11/arm-none-eabi-13.3.rel1/bin/../lib/gcc/arm-none-eabi/13.3.1/../../../../arm-none-eabi/lib/thumb/v7-m/nofp/libg.a(libc_a-fwalk.o)
                0x00007514                _fwalk_sglue
 .text          0x00007558        0x0 /home/budali11/arm-none-eabi-13.3.rel1/bin/../lib/gcc/arm-none-eabi/13.3.1/../../../../arm-none-eabi/lib/thumb/v7-m/nofp/libg.a(libc_a-mlock.o)
 .text.__malloc_lock
                0x00007558        0xc /home/budali11/arm-none-eabi-13.3.rel1/bin/../lib/gcc/arm-none-eabi/13.3.1/../../../../arm-none-eabi/lib/thumb/v7-m/nofp/libg.a(libc_a-mlock.o)
                0x00007558                __malloc_lock
 .text.__malloc_unlock
                0x00007564        0xc /home/budali11/arm-none-eabi-13.3.rel1/bin/../lib/gcc/arm-none-eabi/13.3.1/../../../../arm-none-eabi/lib/thumb/v7-m/nofp/libg.a(libc_a-mlock.o)
                0x00007564                __malloc_unlock
 .text          0x00007570        0x0 /home/budali11/arm-none-eabi-13.3.rel1/bin/../lib/gcc/arm-none-eabi/13.3.1/../../../../arm-none-eabi/lib/thumb/v7-m/nofp/libg.a(libc_a-atexit.o)
 .text.atexit   0x00007570        0xc /home/budali11/arm-none-eabi-13.3.rel1/bin/../lib/gcc/arm-none-eabi/13.3.1/../../../../arm-none-eabi/lib/thumb/v7-m/nofp/libg.a(libc_a-atexit.o)
                0x00007570                atexit
 .text          0x0000757c        0x0 /home/budali11/arm-none-eabi-13.3.rel1/bin/../lib/gcc/arm-none-eabi/13.3.1/../../../../arm-none-eabi/lib/thumb/v7-m/nofp/libg.a(libc_a-memset.o)
 .text.memset   0x0000757c       0xa0 /home/budali11/arm-none-eabi-13.3.rel1/bin/../lib/gcc/arm-none-eabi/13.3.1/../../../../arm-none-eabi/lib/thumb/v7-m/nofp/libg.a(libc_a-memset.o)
                0x0000757c                memset
 .text          0x0000761c        0x0 /home/budali11/arm-none-eabi-13.3.rel1/bin/../lib/gcc/arm-none-eabi/13.3.1/../../../../arm-none-eabi/lib/thumb/v7-m/nofp/libg.a(libc_a-init.o)
 .text.__libc_init_array
                0x0000761c       0x50 /home/budali11/arm-none-eabi-13.3.rel1/bin/../lib/gcc/arm-none-eabi/13.3.1/../../../../arm-none-eabi/lib/thumb/v7-m/nofp/libg.a(libc_a-init.o)
                0x0000761c                __libc_init_array
 .text          0x0000766c        0x0 /home/budali11/arm-none-eabi-13.3.rel1/bin/../lib/gcc/arm-none-eabi/13.3.1/../../../../arm-none-eabi/lib/thumb/v7-m/nofp/libg.a(libc_a-fini.o)
 .text.__libc_fini_array
                0x0000766c       0x28 /home/budali11/arm-none-eabi-13.3.rel1/bin/../lib/gcc/arm-none-eabi/13.3.1/../../../../arm-none-eabi/lib/thumb/v7-m/nofp/libg.a(libc_a-fini.o)
                0x0000766c                __libc_fini_array
 .text          0x00007694        0x0 /home/budali11/arm-none-eabi-13.3.rel1/bin/../lib/gcc/arm-none-eabi/13.3.1/../../../../arm-none-eabi/lib/thumb/v7-m/nofp/libg.a(libc_a-lock.o)
 .text.__retarget_lock_init
                0x00007694        0x4 /home/budali11/arm-none-eabi-13.3.rel1/bin/../lib/gcc/arm-none-eabi/13.3.1/../../../../arm-none-eabi/lib/thumb/v7-m/nofp/libg.a(libc_a-lock.o)
                0x00007694                __retarget_lock_init
 .text.__retarget_lock_init_recursive
                0x00007698        0x4 /home/budali11/arm-none-eabi-13.3.rel1/bin/../lib/gcc/arm-none-eabi/13.3.1/../../../../arm-none-eabi/lib/thumb/v7-m/nofp/libg.a(libc_a-lock.o)
                0x00007698                __retarget_lock_init_recursive
 .text.__retarget_lock_close
                0x0000769c        0x4 /home/budali11/arm-none-eabi-13.3.rel1/bin/../lib/gcc/arm-none-eabi/13.3.1/../../../../arm-none-eabi/lib/thumb/v7-m/nofp/libg.a(libc_a-lock.o)
                0x0000769c                __retarget_lock_close
 .text.__retarget_lock_close_recursive
                0x000076a0        0x4 /home/budali11/arm-none-eabi-13.3.rel1/bin/../lib/gcc/arm-none-eabi/13.3.1/../../../../arm-none-eabi/lib/thumb/v7-m/nofp/libg.a(libc_a-lock.o)
                0x000076a0                __retarget_lock_close_recursive
 .text.__retarget_lock_acquire
                0x000076a4        0x4 /home/budali11/arm-none-eabi-13.3.rel1/bin/../lib/gcc/arm-none-eabi/13.3.1/../../../../arm-none-eabi/lib/thumb/v7-m/nofp/libg.a(libc_a-lock.o)
                0x000076a4                __retarget_lock_acquire
 .text.__retarget_lock_acquire_recursive
                0x000076a8        0x4 /home/budali11/arm-none-eabi-13.3.rel1/bin/../lib/gcc/arm-none-eabi/13.3.1/../../../../arm-none-eabi/lib/thumb/v7-m/nofp/libg.a(libc_a-lock.o)
                0x000076a8                __retarget_lock_acquire_recursive
 .text.__retarget_lock_try_acquire
                0x000076ac        0x4 /home/budali11/arm-none-eabi-13.3.rel1/bin/../lib/gcc/arm-none-eabi/13.3.1/../../../../arm-none-eabi/lib/thumb/v7-m/nofp/libg.a(libc_a-lock.o)
                0x000076ac                __retarget_lock_try_acquire
 .text.__retarget_lock_try_acquire_recursive
                0x000076b0        0x4 /home/budali11/arm-none-eabi-13.3.rel1/bin/../lib/gcc/arm-none-eabi/13.3.1/../../../../arm-none-eabi/lib/thumb/v7-m/nofp/libg.a(libc_a-lock.o)
                0x000076b0                __retarget_lock_try_acquire_recursive
 .text.__retarget_lock_release
                0x000076b4        0x4 /home/budali11/arm-none-eabi-13.3.rel1/bin/../lib/gcc/arm-none-eabi/13.3.1/../../../../arm-none-eabi/lib/thumb/v7-m/nofp/libg.a(libc_a-lock.o)
                0x000076b4                __retarget_lock_release
 .text.__retarget_lock_release_recursive
                0x000076b8        0x4 /home/budali11/arm-none-eabi-13.3.rel1/bin/../lib/gcc/arm-none-eabi/13.3.1/../../../../arm-none-eabi/lib/thumb/v7-m/nofp/libg.a(libc_a-lock.o)
                0x000076b8                __retarget_lock_release_recursive
 .text          0x000076bc        0x0 /home/budali11/arm-none-eabi-13.3.rel1/bin/../lib/gcc/arm-none-eabi/13.3.1/../../../../arm-none-eabi/lib/thumb/v7-m/nofp/libg.a(libc_a-sysconf.o)
 .text.sysconf  0x000076bc       0x1c /home/budali11/arm-none-eabi-13.3.rel1/bin/../lib/gcc/arm-none-eabi/13.3.1/../../../../arm-none-eabi/lib/thumb/v7-m/nofp/libg.a(libc_a-sysconf.o)
                0x000076bc                sysconf
 .text          0x000076d8        0x0 /home/budali11/arm-none-eabi-13.3.rel1/bin/../lib/gcc/arm-none-eabi/13.3.1/../../../../arm-none-eabi/lib/thumb/v7-m/nofp/libg.a(libc_a-freer.o)
 .text._malloc_trim_r
                0x000076d8       0xb8 /home/budali11/arm-none-eabi-13.3.rel1/bin/../lib/gcc/arm-none-eabi/13.3.1/../../../../arm-none-eabi/lib/thumb/v7-m/nofp/libg.a(libc_a-freer.o)
                0x000076d8                _malloc_trim_r
 .text._free_r  0x00007790      0x1f8 /home/budali11/arm-none-eabi-13.3.rel1/bin/../lib/gcc/arm-none-eabi/13.3.1/../../../../arm-none-eabi/lib/thumb/v7-m/nofp/libg.a(libc_a-freer.o)
                0x00007790                _free_r
 .text          0x00007988        0x0 /home/budali11/arm-none-eabi-13.3.rel1/bin/../lib/gcc/arm-none-eabi/13.3.1/../../../../arm-none-eabi/lib/thumb/v7-m/nofp/libg.a(libc_a-closer.o)
 .text._close_r
                0x00007988       0x24 /home/budali11/arm-none-eabi-13.3.rel1/bin/../lib/gcc/arm-none-eabi/13.3.1/../../../../arm-none-eabi/lib/thumb/v7-m/nofp/libg.a(libc_a-closer.o)
                0x00007988                _close_r
 .text          0x000079ac        0x0 /home/budali11/arm-none-eabi-13.3.rel1/bin/../lib/gcc/arm-none-eabi/13.3.1/../../../../arm-none-eabi/lib/thumb/v7-m/nofp/libg.a(libc_a-reent.o)
 .text._reclaim_reent
                0x000079ac       0x6c /home/budali11/arm-none-eabi-13.3.rel1/bin/../lib/gcc/arm-none-eabi/13.3.1/../../../../arm-none-eabi/lib/thumb/v7-m/nofp/libg.a(libc_a-reent.o)
                0x000079ac                _reclaim_reent
 .text          0x00007a18        0x0 /home/budali11/arm-none-eabi-13.3.rel1/bin/../lib/gcc/arm-none-eabi/13.3.1/../../../../arm-none-eabi/lib/thumb/v7-m/nofp/libg.a(libc_a-fclose.o)
 .text._fclose_r
                0x00007a18       0xc0 /home/budali11/arm-none-eabi-13.3.rel1/bin/../lib/gcc/arm-none-eabi/13.3.1/../../../../arm-none-eabi/lib/thumb/v7-m/nofp/libg.a(libc_a-fclose.o)
                0x00007a18                _fclose_r
 .text.fclose   0x00007ad8       0x10 /home/budali11/arm-none-eabi-13.3.rel1/bin/../lib/gcc/arm-none-eabi/13.3.1/../../../../arm-none-eabi/lib/thumb/v7-m/nofp/libg.a(libc_a-fclose.o)
                0x00007ad8                fclose
 .text          0x00007ae8        0x0 /home/budali11/arm-none-eabi-13.3.rel1/bin/../lib/gcc/arm-none-eabi/13.3.1/../../../../arm-none-eabi/lib/thumb/v7-m/nofp/libg.a(libc_a-impure.o)
 .text          0x00007ae8        0x0 /home/budali11/arm-none-eabi-13.3.rel1/bin/../lib/gcc/arm-none-eabi/13.3.1/../../../../arm-none-eabi/lib/thumb/v7-m/nofp/libg.a(libc_a-fflush.o)
 .text.__sflush_r
                0x00007ae8      0x128 /home/budali11/arm-none-eabi-13.3.rel1/bin/../lib/gcc/arm-none-eabi/13.3.1/../../../../arm-none-eabi/lib/thumb/v7-m/nofp/libg.a(libc_a-fflush.o)
                0x00007ae8                __sflush_r
 .text._fflush_r
                0x00007c10       0x54 /home/budali11/arm-none-eabi-13.3.rel1/bin/../lib/gcc/arm-none-eabi/13.3.1/../../../../arm-none-eabi/lib/thumb/v7-m/nofp/libg.a(libc_a-fflush.o)
                0x00007c10                _fflush_r
 .text.fflush   0x00007c64       0x74 /home/budali11/arm-none-eabi-13.3.rel1/bin/../lib/gcc/arm-none-eabi/13.3.1/../../../../arm-none-eabi/lib/thumb/v7-m/nofp/libg.a(libc_a-fflush.o)
                0x00007c64                fflush
 .text          0x00007cd8        0x0 /home/budali11/arm-none-eabi-13.3.rel1/bin/../lib/gcc/arm-none-eabi/13.3.1/../../../../arm-none-eabi/lib/thumb/v7-m/nofp/libg.a(libc_a-lseekr.o)
 .text._lseek_r
                0x00007cd8       0x2c /home/budali11/arm-none-eabi-13.3.rel1/bin/../lib/gcc/arm-none-eabi/13.3.1/../../../../arm-none-eabi/lib/thumb/v7-m/nofp/libg.a(libc_a-lseekr.o)
                0x00007cd8                _lseek_r
 .text          0x00007d04        0x0 /home/budali11/arm-none-eabi-13.3.rel1/bin/../lib/gcc/arm-none-eabi/13.3.1/../../../../arm-none-eabi/lib/thumb/v7-m/nofp/libg.a(libc_a-readr.o)
 .text._read_r  0x00007d04       0x2c /home/budali11/arm-none-eabi-13.3.rel1/bin/../lib/gcc/arm-none-eabi/13.3.1/../../../../arm-none-eabi/lib/thumb/v7-m/nofp/libg.a(libc_a-readr.o)
                0x00007d04                _read_r
 .text          0x00007d30        0x0 /home/budali11/arm-none-eabi-13.3.rel1/bin/../lib/gcc/arm-none-eabi/13.3.1/../../../../arm-none-eabi/lib/thumb/v7-m/nofp/libg.a(libc_a-svfprintf.o)
 .text._svfprintf_r
                0x00007d30     0x1b2c /home/budali11/arm-none-eabi-13.3.rel1/bin/../lib/gcc/arm-none-eabi/13.3.1/../../../../arm-none-eabi/lib/thumb/v7-m/nofp/libg.a(libc_a-svfprintf.o)
                0x00007d30                _svfprintf_r
 .text          0x0000985c        0x0 /home/budali11/arm-none-eabi-13.3.rel1/bin/../lib/gcc/arm-none-eabi/13.3.1/../../../../arm-none-eabi/lib/thumb/v7-m/nofp/libg.a(libc_a-__atexit.o)
 .text.__register_exitproc
                0x0000985c       0x80 /home/budali11/arm-none-eabi-13.3.rel1/bin/../lib/gcc/arm-none-eabi/13.3.1/../../../../arm-none-eabi/lib/thumb/v7-m/nofp/libg.a(libc_a-__atexit.o)
                0x0000985c                __register_exitproc
 .text          0x000098dc        0x0 /home/budali11/arm-none-eabi-13.3.rel1/bin/../lib/gcc/arm-none-eabi/13.3.1/../../../../arm-none-eabi/lib/thumb/v7-m/nofp/libg.a(libc_a-wcrtomb.o)
 .text._wcrtomb_r
                0x000098dc       0x4c /home/budali11/arm-none-eabi-13.3.rel1/bin/../lib/gcc/arm-none-eabi/13.3.1/../../../../arm-none-eabi/lib/thumb/v7-m/nofp/libg.a(libc_a-wcrtomb.o)
                0x000098dc                _wcrtomb_r
 .text.wcrtomb  0x00009928       0x58 /home/budali11/arm-none-eabi-13.3.rel1/bin/../lib/gcc/arm-none-eabi/13.3.1/../../../../arm-none-eabi/lib/thumb/v7-m/nofp/libg.a(libc_a-wcrtomb.o)
                0x00009928                wcrtomb
 .text          0x00009980        0x0 /home/budali11/arm-none-eabi-13.3.rel1/bin/../lib/gcc/arm-none-eabi/13.3.1/../../../../arm-none-eabi/lib/thumb/v7-m/nofp/libg.a(libc_a-errno.o)
 .text.__errno  0x00009980        0xc /home/budali11/arm-none-eabi-13.3.rel1/bin/../lib/gcc/arm-none-eabi/13.3.1/../../../../arm-none-eabi/lib/thumb/v7-m/nofp/libg.a(libc_a-errno.o)
                0x00009980                __errno
 .text          0x0000998c        0x0 /home/budali11/arm-none-eabi-13.3.rel1/bin/../lib/gcc/arm-none-eabi/13.3.1/../../../../arm-none-eabi/lib/thumb/v7-m/nofp/libg.a(libc_a-wcsrtombs.o)
 .text._wcsrtombs_r
                0x0000998c       0x18 /home/budali11/arm-none-eabi-13.3.rel1/bin/../lib/gcc/arm-none-eabi/13.3.1/../../../../arm-none-eabi/lib/thumb/v7-m/nofp/libg.a(libc_a-wcsrtombs.o)
                0x0000998c                _wcsrtombs_r
 .text.wcsrtombs
                0x000099a4       0x28 /home/budali11/arm-none-eabi-13.3.rel1/bin/../lib/gcc/arm-none-eabi/13.3.1/../../../../arm-none-eabi/lib/thumb/v7-m/nofp/libg.a(libc_a-wcsrtombs.o)
                0x000099a4                wcsrtombs
 .text          0x000099cc        0x0 /home/budali11/arm-none-eabi-13.3.rel1/bin/../lib/gcc/arm-none-eabi/13.3.1/../../../../arm-none-eabi/lib/thumb/v7-m/nofp/libg.a(libc_a-dtoa.o)
 .text.quorem   0x000099cc      0x13c /home/budali11/arm-none-eabi-13.3.rel1/bin/../lib/gcc/arm-none-eabi/13.3.1/../../../../arm-none-eabi/lib/thumb/v7-m/nofp/libg.a(libc_a-dtoa.o)
 .text._dtoa_r  0x00009b08      0xe94 /home/budali11/arm-none-eabi-13.3.rel1/bin/../lib/gcc/arm-none-eabi/13.3.1/../../../../arm-none-eabi/lib/thumb/v7-m/nofp/libg.a(libc_a-dtoa.o)
                0x00009b08                _dtoa_r
 .text          0x0000a99c        0x0 /home/budali11/arm-none-eabi-13.3.rel1/bin/../lib/gcc/arm-none-eabi/13.3.1/../../../../arm-none-eabi/lib/thumb/v7-m/nofp/libg.a(libc_a-locale.o)
 .text.currentlocale
                0x0000a99c       0x58 /home/budali11/arm-none-eabi-13.3.rel1/bin/../lib/gcc/arm-none-eabi/13.3.1/../../../../arm-none-eabi/lib/thumb/v7-m/nofp/libg.a(libc_a-locale.o)
 .text.__loadlocale
                0x0000a9f4      0x6c4 /home/budali11/arm-none-eabi-13.3.rel1/bin/../lib/gcc/arm-none-eabi/13.3.1/../../../../arm-none-eabi/lib/thumb/v7-m/nofp/libg.a(libc_a-locale.o)
                0x0000a9f4                __loadlocale
 .text.__get_locale_env
                0x0000b0b8       0x50 /home/budali11/arm-none-eabi-13.3.rel1/bin/../lib/gcc/arm-none-eabi/13.3.1/../../../../arm-none-eabi/lib/thumb/v7-m/nofp/libg.a(libc_a-locale.o)
                0x0000b0b8                __get_locale_env
 .text._setlocale_r
                0x0000b108      0x220 /home/budali11/arm-none-eabi-13.3.rel1/bin/../lib/gcc/arm-none-eabi/13.3.1/../../../../arm-none-eabi/lib/thumb/v7-m/nofp/libg.a(libc_a-locale.o)
                0x0000b108                _setlocale_r
 .text.__locale_mb_cur_max
                0x0000b328        0xc /home/budali11/arm-none-eabi-13.3.rel1/bin/../lib/gcc/arm-none-eabi/13.3.1/../../../../arm-none-eabi/lib/thumb/v7-m/nofp/libg.a(libc_a-locale.o)
                0x0000b328                __locale_mb_cur_max
 .text.setlocale
                0x0000b334       0x14 /home/budali11/arm-none-eabi-13.3.rel1/bin/../lib/gcc/arm-none-eabi/13.3.1/../../../../arm-none-eabi/lib/thumb/v7-m/nofp/libg.a(libc_a-locale.o)
                0x0000b334                setlocale
 .text          0x0000b348        0x0 /home/budali11/arm-none-eabi-13.3.rel1/bin/../lib/gcc/arm-none-eabi/13.3.1/../../../../arm-none-eabi/lib/thumb/v7-m/nofp/libg.a(libc_a-localeconv.o)
 .text.__localeconv_l
                0x0000b348        0x4 /home/budali11/arm-none-eabi-13.3.rel1/bin/../lib/gcc/arm-none-eabi/13.3.1/../../../../arm-none-eabi/lib/thumb/v7-m/nofp/libg.a(libc_a-localeconv.o)
                0x0000b348                __localeconv_l
 .text._localeconv_r
                0x0000b34c        0x8 /home/budali11/arm-none-eabi-13.3.rel1/bin/../lib/gcc/arm-none-eabi/13.3.1/../../../../arm-none-eabi/lib/thumb/v7-m/nofp/libg.a(libc_a-localeconv.o)
                0x0000b34c                _localeconv_r
 .text.localeconv
                0x0000b354        0x8 /home/budali11/arm-none-eabi-13.3.rel1/bin/../lib/gcc/arm-none-eabi/13.3.1/../../../../arm-none-eabi/lib/thumb/v7-m/nofp/libg.a(libc_a-localeconv.o)
                0x0000b354                localeconv
 .text          0x0000b35c        0x0 /home/budali11/arm-none-eabi-13.3.rel1/bin/../lib/gcc/arm-none-eabi/13.3.1/../../../../arm-none-eabi/lib/thumb/v7-m/nofp/libg.a(libc_a-ssprint_r.o)
 .text.__ssprint_r
                0x0000b35c       0x58 /home/budali11/arm-none-eabi-13.3.rel1/bin/../lib/gcc/arm-none-eabi/13.3.1/../../../../arm-none-eabi/lib/thumb/v7-m/nofp/libg.a(libc_a-ssprint_r.o)
                0x0000b35c                __ssprint_r
 .text          0x0000b3b4      0x1bc /home/budali11/arm-none-eabi-13.3.rel1/bin/../lib/gcc/arm-none-eabi/13.3.1/../../../../arm-none-eabi/lib/thumb/v7-m/nofp/libg.a(libc_a-strcmp.o)
                0x0000b3b4                strcmp
 .text          0x0000b570        0x0 /home/budali11/arm-none-eabi-13.3.rel1/bin/../lib/gcc/arm-none-eabi/13.3.1/../../../../arm-none-eabi/lib/thumb/v7-m/nofp/libg.a(libc_a-strcpy.o)
 .text.strcpy   0x0000b570       0xbc /home/budali11/arm-none-eabi-13.3.rel1/bin/../lib/gcc/arm-none-eabi/13.3.1/../../../../arm-none-eabi/lib/thumb/v7-m/nofp/libg.a(libc_a-strcpy.o)
                0x0000b570                strcpy
 .text          0x0000b62c        0x0 /home/budali11/arm-none-eabi-13.3.rel1/bin/../lib/gcc/arm-none-eabi/13.3.1/../../../../arm-none-eabi/lib/thumb/v7-m/nofp/libg.a(libm_a-s_frexp.o)
 .text.frexp    0x0000b62c       0x6c /home/budali11/arm-none-eabi-13.3.rel1/bin/../lib/gcc/arm-none-eabi/13.3.1/../../../../arm-none-eabi/lib/thumb/v7-m/nofp/libg.a(libm_a-s_frexp.o)
                0x0000b62c                frexp
 .text          0x0000b698        0x0 /home/budali11/arm-none-eabi-13.3.rel1/bin/../lib/gcc/arm-none-eabi/13.3.1/../../../../arm-none-eabi/lib/thumb/v7-m/nofp/libg.a(libc_a-strtol.o)
 .text._strtol_l.isra.0
                0x0000b698      0x138 /home/budali11/arm-none-eabi-13.3.rel1/bin/../lib/gcc/arm-none-eabi/13.3.1/../../../../arm-none-eabi/lib/thumb/v7-m/nofp/libg.a(libc_a-strtol.o)
 .text._strtol_r
                0x0000b7d0        0x4 /home/budali11/arm-none-eabi-13.3.rel1/bin/../lib/gcc/arm-none-eabi/13.3.1/../../../../arm-none-eabi/lib/thumb/v7-m/nofp/libg.a(libc_a-strtol.o)
                0x0000b7d0                _strtol_r
 .text.strtol_l
                0x0000b7d4       0x1c /home/budali11/arm-none-eabi-13.3.rel1/bin/../lib/gcc/arm-none-eabi/13.3.1/../../../../arm-none-eabi/lib/thumb/v7-m/nofp/libg.a(libc_a-strtol.o)
                0x0000b7d4                strtol_l
 .text.strtol   0x0000b7f0       0x1c /home/budali11/arm-none-eabi-13.3.rel1/bin/../lib/gcc/arm-none-eabi/13.3.1/../../../../arm-none-eabi/lib/thumb/v7-m/nofp/libg.a(libc_a-strtol.o)
                0x0000b7f0                strtol
 .text          0x0000b80c        0x0 /home/budali11/arm-none-eabi-13.3.rel1/bin/../lib/gcc/arm-none-eabi/13.3.1/../../../../arm-none-eabi/lib/thumb/v7-m/nofp/libg.a(libc_a-getenv_r.o)
 .text._findenv_r
                0x0000b80c       0x80 /home/budali11/arm-none-eabi-13.3.rel1/bin/../lib/gcc/arm-none-eabi/13.3.1/../../../../arm-none-eabi/lib/thumb/v7-m/nofp/libg.a(libc_a-getenv_r.o)
                0x0000b80c                _findenv_r
 .text._getenv_r
                0x0000b88c       0x10 /home/budali11/arm-none-eabi-13.3.rel1/bin/../lib/gcc/arm-none-eabi/13.3.1/../../../../arm-none-eabi/lib/thumb/v7-m/nofp/libg.a(libc_a-getenv_r.o)
                0x0000b88c                _getenv_r
 .text          0x0000b89c        0x0 /home/budali11/arm-none-eabi-13.3.rel1/bin/../lib/gcc/arm-none-eabi/13.3.1/../../../../arm-none-eabi/lib/thumb/v7-m/nofp/libg.a(libc_a-strlcpy.o)
 .text.strlcpy  0x0000b89c       0x48 /home/budali11/arm-none-eabi-13.3.rel1/bin/../lib/gcc/arm-none-eabi/13.3.1/../../../../arm-none-eabi/lib/thumb/v7-m/nofp/libg.a(libc_a-strlcpy.o)
                0x0000b89c                strlcpy
 .text          0x0000b8e4        0x0 /home/budali11/arm-none-eabi-13.3.rel1/bin/../lib/gcc/arm-none-eabi/13.3.1/../../../../arm-none-eabi/lib/thumb/v7-m/nofp/libg.a(libc_a-memchr-stub.o)
 .text.memchr   0x0000b8e4       0x98 /home/budali11/arm-none-eabi-13.3.rel1/bin/../lib/gcc/arm-none-eabi/13.3.1/../../../../arm-none-eabi/lib/thumb/v7-m/nofp/libg.a(libc_a-memchr-stub.o)
                0x0000b8e4                memchr
 .text          0x0000b97c       0xec /home/budali11/arm-none-eabi-13.3.rel1/bin/../lib/gcc/arm-none-eabi/13.3.1/../../../../arm-none-eabi/lib/thumb/v7-m/nofp/libg.a(libc_a-memcpy.o)
                0x0000b97c                memcpy
 .text          0x0000ba68        0x0 /home/budali11/arm-none-eabi-13.3.rel1/bin/../lib/gcc/arm-none-eabi/13.3.1/../../../../arm-none-eabi/lib/thumb/v7-m/nofp/libg.a(libc_a-strlen-stub.o)
 .text.strlen   0x0000ba68       0x5c /home/budali11/arm-none-eabi-13.3.rel1/bin/../lib/gcc/arm-none-eabi/13.3.1/../../../../arm-none-eabi/lib/thumb/v7-m/nofp/libg.a(libc_a-strlen-stub.o)
                0x0000ba68                strlen
 .text          0x0000bac4        0x0 /home/budali11/arm-none-eabi-13.3.rel1/bin/../lib/gcc/arm-none-eabi/13.3.1/../../../../arm-none-eabi/lib/thumb/v7-m/nofp/libg.a(libc_a-strncasecmp.o)
 .text.strncasecmp
                0x0000bac4       0x54 /home/budali11/arm-none-eabi-13.3.rel1/bin/../lib/gcc/arm-none-eabi/13.3.1/../../../../arm-none-eabi/lib/thumb/v7-m/nofp/libg.a(libc_a-strncasecmp.o)
                0x0000bac4                strncasecmp
 .text          0x0000bb18        0x0 /home/budali11/arm-none-eabi-13.3.rel1/bin/../lib/gcc/arm-none-eabi/13.3.1/../../../../arm-none-eabi/lib/thumb/v7-m/nofp/libg.a(libc_a-wctomb_r.o)
 .text._wctomb_r
                0x0000bb18       0x14 /home/budali11/arm-none-eabi-13.3.rel1/bin/../lib/gcc/arm-none-eabi/13.3.1/../../../../arm-none-eabi/lib/thumb/v7-m/nofp/libg.a(libc_a-wctomb_r.o)
                0x0000bb18                _wctomb_r
 .text.__ascii_wctomb
                0x0000bb2c       0x1c /home/budali11/arm-none-eabi-13.3.rel1/bin/../lib/gcc/arm-none-eabi/13.3.1/../../../../arm-none-eabi/lib/thumb/v7-m/nofp/libg.a(libc_a-wctomb_r.o)
                0x0000bb2c                __ascii_wctomb
 .text.__utf8_wctomb
                0x0000bb48       0xa0 /home/budali11/arm-none-eabi-13.3.rel1/bin/../lib/gcc/arm-none-eabi/13.3.1/../../../../arm-none-eabi/lib/thumb/v7-m/nofp/libg.a(libc_a-wctomb_r.o)
                0x0000bb48                __utf8_wctomb
 .text.__sjis_wctomb
                0x0000bbe8       0x54 /home/budali11/arm-none-eabi-13.3.rel1/bin/../lib/gcc/arm-none-eabi/13.3.1/../../../../arm-none-eabi/lib/thumb/v7-m/nofp/libg.a(libc_a-wctomb_r.o)
                0x0000bbe8                __sjis_wctomb
 .text.__eucjp_wctomb
                0x0000bc3c       0x70 /home/budali11/arm-none-eabi-13.3.rel1/bin/../lib/gcc/arm-none-eabi/13.3.1/../../../../arm-none-eabi/lib/thumb/v7-m/nofp/libg.a(libc_a-wctomb_r.o)
                0x0000bc3c                __eucjp_wctomb
 .text.__jis_wctomb
                0x0000bcac       0x78 /home/budali11/arm-none-eabi-13.3.rel1/bin/../lib/gcc/arm-none-eabi/13.3.1/../../../../arm-none-eabi/lib/thumb/v7-m/nofp/libg.a(libc_a-wctomb_r.o)
                0x0000bcac                __jis_wctomb
 .text          0x0000bd24        0x0 /home/budali11/arm-none-eabi-13.3.rel1/bin/../lib/gcc/arm-none-eabi/13.3.1/../../../../arm-none-eabi/lib/thumb/v7-m/nofp/libg.a(libc_a-strncmp.o)
 .text.strncmp  0x0000bd24       0x8c /home/budali11/arm-none-eabi-13.3.rel1/bin/../lib/gcc/arm-none-eabi/13.3.1/../../../../arm-none-eabi/lib/thumb/v7-m/nofp/libg.a(libc_a-strncmp.o)
                0x0000bd24                strncmp
 .text          0x0000bdb0        0x0 /home/budali11/arm-none-eabi-13.3.rel1/bin/../lib/gcc/arm-none-eabi/13.3.1/../../../../arm-none-eabi/lib/thumb/v7-m/nofp/libg.a(libc_a-strncpy.o)
 .text.strncpy  0x0000bdb0       0x6c /home/budali11/arm-none-eabi-13.3.rel1/bin/../lib/gcc/arm-none-eabi/13.3.1/../../../../arm-none-eabi/lib/thumb/v7-m/nofp/libg.a(libc_a-strncpy.o)
                0x0000bdb0                strncpy
 .text          0x0000be1c        0x0 /home/budali11/arm-none-eabi-13.3.rel1/bin/../lib/gcc/arm-none-eabi/13.3.1/../../../../arm-none-eabi/lib/thumb/v7-m/nofp/libg.a(libc_a-mbtowc_r.o)
 .text._mbtowc_r
                0x0000be1c       0x14 /home/budali11/arm-none-eabi-13.3.rel1/bin/../lib/gcc/arm-none-eabi/13.3.1/../../../../arm-none-eabi/lib/thumb/v7-m/nofp/libg.a(libc_a-mbtowc_r.o)
                0x0000be1c                _mbtowc_r
 .text.__ascii_mbtowc
                0x0000be30       0x2c /home/budali11/arm-none-eabi-13.3.rel1/bin/../lib/gcc/arm-none-eabi/13.3.1/../../../../arm-none-eabi/lib/thumb/v7-m/nofp/libg.a(libc_a-mbtowc_r.o)
                0x0000be30                __ascii_mbtowc
 .text.__utf8_mbtowc
                0x0000be5c      0x1d4 /home/budali11/arm-none-eabi-13.3.rel1/bin/../lib/gcc/arm-none-eabi/13.3.1/../../../../arm-none-eabi/lib/thumb/v7-m/nofp/libg.a(libc_a-mbtowc_r.o)
                0x0000be5c                __utf8_mbtowc
 .text.__sjis_mbtowc
                0x0000c030       0x90 /home/budali11/arm-none-eabi-13.3.rel1/bin/../lib/gcc/arm-none-eabi/13.3.1/../../../../arm-none-eabi/lib/thumb/v7-m/nofp/libg.a(libc_a-mbtowc_r.o)
                0x0000c030                __sjis_mbtowc
 .text.__eucjp_mbtowc
                0x0000c0c0       0xc0 /home/budali11/arm-none-eabi-13.3.rel1/bin/../lib/gcc/arm-none-eabi/13.3.1/../../../../arm-none-eabi/lib/thumb/v7-m/nofp/libg.a(libc_a-mbtowc_r.o)
                0x0000c0c0                __eucjp_mbtowc
 .text.__jis_mbtowc
                0x0000c180      0x140 /home/budali11/arm-none-eabi-13.3.rel1/bin/../lib/gcc/arm-none-eabi/13.3.1/../../../../arm-none-eabi/lib/thumb/v7-m/nofp/libg.a(libc_a-mbtowc_r.o)
                0x0000c180                __jis_mbtowc
 .text          0x0000c2c0        0x0 /home/budali11/arm-none-eabi-13.3.rel1/bin/../lib/gcc/arm-none-eabi/13.3.1/../../../../arm-none-eabi/lib/thumb/v7-m/nofp/libg.a(libc_a-assert.o)
 .text.__assert_func
                0x0000c2c0       0x40 /home/budali11/arm-none-eabi-13.3.rel1/bin/../lib/gcc/arm-none-eabi/13.3.1/../../../../arm-none-eabi/lib/thumb/v7-m/nofp/libg.a(libc_a-assert.o)
                0x0000c2c0                __assert_func
 .text.__assert
                0x0000c300        0xc /home/budali11/arm-none-eabi-13.3.rel1/bin/../lib/gcc/arm-none-eabi/13.3.1/../../../../arm-none-eabi/lib/thumb/v7-m/nofp/libg.a(libc_a-assert.o)
                0x0000c300                __assert
 .text          0x0000c30c        0x0 /home/budali11/arm-none-eabi-13.3.rel1/bin/../lib/gcc/arm-none-eabi/13.3.1/../../../../arm-none-eabi/lib/thumb/v7-m/nofp/libg.a(libc_a-mprec.o)
 .text._Balloc  0x0000c30c       0x4c /home/budali11/arm-none-eabi-13.3.rel1/bin/../lib/gcc/arm-none-eabi/13.3.1/../../../../arm-none-eabi/lib/thumb/v7-m/nofp/libg.a(libc_a-mprec.o)
                0x0000c30c                _Balloc
 .text._Bfree   0x0000c358       0x14 /home/budali11/arm-none-eabi-13.3.rel1/bin/../lib/gcc/arm-none-eabi/13.3.1/../../../../arm-none-eabi/lib/thumb/v7-m/nofp/libg.a(libc_a-mprec.o)
                0x0000c358                _Bfree
 .text.__multadd
                0x0000c36c       0xa4 /home/budali11/arm-none-eabi-13.3.rel1/bin/../lib/gcc/arm-none-eabi/13.3.1/../../../../arm-none-eabi/lib/thumb/v7-m/nofp/libg.a(libc_a-mprec.o)
                0x0000c36c                __multadd
 .text.__s2b    0x0000c410       0xb0 /home/budali11/arm-none-eabi-13.3.rel1/bin/../lib/gcc/arm-none-eabi/13.3.1/../../../../arm-none-eabi/lib/thumb/v7-m/nofp/libg.a(libc_a-mprec.o)
                0x0000c410                __s2b
 .text.__hi0bits
                0x0000c4c0       0x44 /home/budali11/arm-none-eabi-13.3.rel1/bin/../lib/gcc/arm-none-eabi/13.3.1/../../../../arm-none-eabi/lib/thumb/v7-m/nofp/libg.a(libc_a-mprec.o)
                0x0000c4c0                __hi0bits
 .text.__lo0bits
                0x0000c504       0x5c /home/budali11/arm-none-eabi-13.3.rel1/bin/../lib/gcc/arm-none-eabi/13.3.1/../../../../arm-none-eabi/lib/thumb/v7-m/nofp/libg.a(libc_a-mprec.o)
                0x0000c504                __lo0bits
 .text.__i2b    0x0000c560       0x5c /home/budali11/arm-none-eabi-13.3.rel1/bin/../lib/gcc/arm-none-eabi/13.3.1/../../../../arm-none-eabi/lib/thumb/v7-m/nofp/libg.a(libc_a-mprec.o)
                0x0000c560                __i2b
 .text.__multiply
                0x0000c5bc      0x164 /home/budali11/arm-none-eabi-13.3.rel1/bin/../lib/gcc/arm-none-eabi/13.3.1/../../../../arm-none-eabi/lib/thumb/v7-m/nofp/libg.a(libc_a-mprec.o)
                0x0000c5bc                __multiply
 .text.__pow5mult
                0x0000c720       0xb4 /home/budali11/arm-none-eabi-13.3.rel1/bin/../lib/gcc/arm-none-eabi/13.3.1/../../../../arm-none-eabi/lib/thumb/v7-m/nofp/libg.a(libc_a-mprec.o)
                0x0000c720                __pow5mult
 .text.__lshift
                0x0000c7d4       0xec /home/budali11/arm-none-eabi-13.3.rel1/bin/../lib/gcc/arm-none-eabi/13.3.1/../../../../arm-none-eabi/lib/thumb/v7-m/nofp/libg.a(libc_a-mprec.o)
                0x0000c7d4                __lshift
 .text.__mcmp   0x0000c8c0       0x40 /home/budali11/arm-none-eabi-13.3.rel1/bin/../lib/gcc/arm-none-eabi/13.3.1/../../../../arm-none-eabi/lib/thumb/v7-m/nofp/libg.a(libc_a-mprec.o)
                0x0000c8c0                __mcmp
 .text.__mdiff  0x0000c900      0x178 /home/budali11/arm-none-eabi-13.3.rel1/bin/../lib/gcc/arm-none-eabi/13.3.1/../../../../arm-none-eabi/lib/thumb/v7-m/nofp/libg.a(libc_a-mprec.o)
                0x0000c900                __mdiff
 .text.__ulp    0x0000ca78       0x50 /home/budali11/arm-none-eabi-13.3.rel1/bin/../lib/gcc/arm-none-eabi/13.3.1/../../../../arm-none-eabi/lib/thumb/v7-m/nofp/libg.a(libc_a-mprec.o)
                0x0000ca78                __ulp
 .text.__b2d    0x0000cac8       0xb4 /home/budali11/arm-none-eabi-13.3.rel1/bin/../lib/gcc/arm-none-eabi/13.3.1/../../../../arm-none-eabi/lib/thumb/v7-m/nofp/libg.a(libc_a-mprec.o)
                0x0000cac8                __b2d
 .text.__d2b    0x0000cb7c       0xbc /home/budali11/arm-none-eabi-13.3.rel1/bin/../lib/gcc/arm-none-eabi/13.3.1/../../../../arm-none-eabi/lib/thumb/v7-m/nofp/libg.a(libc_a-mprec.o)
                0x0000cb7c                __d2b
 .text.__ratio  0x0000cc38       0x5c /home/budali11/arm-none-eabi-13.3.rel1/bin/../lib/gcc/arm-none-eabi/13.3.1/../../../../arm-none-eabi/lib/thumb/v7-m/nofp/libg.a(libc_a-mprec.o)
                0x0000cc38                __ratio
 .text._mprec_log10
                0x0000cc94       0x38 /home/budali11/arm-none-eabi-13.3.rel1/bin/../lib/gcc/arm-none-eabi/13.3.1/../../../../arm-none-eabi/lib/thumb/v7-m/nofp/libg.a(libc_a-mprec.o)
                0x0000cc94                _mprec_log10
 .text.__copybits
                0x0000cccc       0x60 /home/budali11/arm-none-eabi-13.3.rel1/bin/../lib/gcc/arm-none-eabi/13.3.1/../../../../arm-none-eabi/lib/thumb/v7-m/nofp/libg.a(libc_a-mprec.o)
                0x0000cccc                __copybits
 .text.__any_on
                0x0000cd2c       0x58 /home/budali11/arm-none-eabi-13.3.rel1/bin/../lib/gcc/arm-none-eabi/13.3.1/../../../../arm-none-eabi/lib/thumb/v7-m/nofp/libg.a(libc_a-mprec.o)
                0x0000cd2c                __any_on
 .text          0x0000cd84        0x0 /home/budali11/arm-none-eabi-13.3.rel1/bin/../lib/gcc/arm-none-eabi/13.3.1/../../../../arm-none-eabi/lib/thumb/v7-m/nofp/libg.a(libc_a-callocr.o)
 .text._calloc_r
                0x0000cd84       0x6c /home/budali11/arm-none-eabi-13.3.rel1/bin/../lib/gcc/arm-none-eabi/13.3.1/../../../../arm-none-eabi/lib/thumb/v7-m/nofp/libg.a(libc_a-callocr.o)
                0x0000cd84                _calloc_r
 .text          0x0000cdf0        0x0 /home/budali11/arm-none-eabi-13.3.rel1/bin/../lib/gcc/arm-none-eabi/13.3.1/../../../../arm-none-eabi/lib/thumb/v7-m/nofp/libg.a(libc_a-wcsnrtombs.o)
 .text._wcsnrtombs_l
                0x0000cdf0       0xec /home/budali11/arm-none-eabi-13.3.rel1/bin/../lib/gcc/arm-none-eabi/13.3.1/../../../../arm-none-eabi/lib/thumb/v7-m/nofp/libg.a(libc_a-wcsnrtombs.o)
                0x0000cdf0                _wcsnrtombs_l
 .text._wcsnrtombs_r
                0x0000cedc       0x24 /home/budali11/arm-none-eabi-13.3.rel1/bin/../lib/gcc/arm-none-eabi/13.3.1/../../../../arm-none-eabi/lib/thumb/v7-m/nofp/libg.a(libc_a-wcsnrtombs.o)
                0x0000cedc                _wcsnrtombs_r
 .text.wcsnrtombs
                0x0000cf00       0x2c /home/budali11/arm-none-eabi-13.3.rel1/bin/../lib/gcc/arm-none-eabi/13.3.1/../../../../arm-none-eabi/lib/thumb/v7-m/nofp/libg.a(libc_a-wcsnrtombs.o)
                0x0000cf00                wcsnrtombs
 .text          0x0000cf2c        0x0 /home/budali11/arm-none-eabi-13.3.rel1/bin/../lib/gcc/arm-none-eabi/13.3.1/../../../../arm-none-eabi/lib/thumb/v7-m/nofp/libg.a(libc_a-strcasecmp.o)
 .text.strcasecmp
                0x0000cf2c       0x44 /home/budali11/arm-none-eabi-13.3.rel1/bin/../lib/gcc/arm-none-eabi/13.3.1/../../../../arm-none-eabi/lib/thumb/v7-m/nofp/libg.a(libc_a-strcasecmp.o)
                0x0000cf2c                strcasecmp
 .text          0x0000cf70        0x0 /home/budali11/arm-none-eabi-13.3.rel1/bin/../lib/gcc/arm-none-eabi/13.3.1/../../../../arm-none-eabi/lib/thumb/v7-m/nofp/libg.a(libc_a-strcat.o)
 .text.strcat   0x0000cf70       0x40 /home/budali11/arm-none-eabi-13.3.rel1/bin/../lib/gcc/arm-none-eabi/13.3.1/../../../../arm-none-eabi/lib/thumb/v7-m/nofp/libg.a(libc_a-strcat.o)
                0x0000cf70                strcat
 .text          0x0000cfb0        0x0 /home/budali11/arm-none-eabi-13.3.rel1/bin/../lib/gcc/arm-none-eabi/13.3.1/../../../../arm-none-eabi/lib/thumb/v7-m/nofp/libg.a(libc_a-strchr.o)
 .text.strchr   0x0000cfb0       0xd0 /home/budali11/arm-none-eabi-13.3.rel1/bin/../lib/gcc/arm-none-eabi/13.3.1/../../../../arm-none-eabi/lib/thumb/v7-m/nofp/libg.a(libc_a-strchr.o)
                0x0000cfb0                strchr
 .text          0x0000d080        0x0 /home/budali11/arm-none-eabi-13.3.rel1/bin/../lib/gcc/arm-none-eabi/13.3.1/../../../../arm-none-eabi/lib/thumb/v7-m/nofp/libg.a(libc_a-ctype_.o)
 .text.__set_ctype
                0x0000d080        0xc /home/budali11/arm-none-eabi-13.3.rel1/bin/../lib/gcc/arm-none-eabi/13.3.1/../../../../arm-none-eabi/lib/thumb/v7-m/nofp/libg.a(libc_a-ctype_.o)
                0x0000d080                __set_ctype
 .text          0x0000d08c        0x0 /home/budali11/arm-none-eabi-13.3.rel1/bin/../lib/gcc/arm-none-eabi/13.3.1/../../../../arm-none-eabi/lib/thumb/v7-m/nofp/libg.a(libc_a-ssputs_r.o)
 .text.__ssputs_r
                0x0000d08c       0xc0 /home/budali11/arm-none-eabi-13.3.rel1/bin/../lib/gcc/arm-none-eabi/13.3.1/../../../../arm-none-eabi/lib/thumb/v7-m/nofp/libg.a(libc_a-ssputs_r.o)
                0x0000d08c                __ssputs_r
 .text          0x0000d14c        0x0 /home/budali11/arm-none-eabi-13.3.rel1/bin/../lib/gcc/arm-none-eabi/13.3.1/../../../../arm-none-eabi/lib/thumb/v7-m/nofp/libg.a(libc_a-environ.o)
 .text          0x0000d14c        0x0 /home/budali11/arm-none-eabi-13.3.rel1/bin/../lib/gcc/arm-none-eabi/13.3.1/../../../../arm-none-eabi/lib/thumb/v7-m/nofp/libg.a(libc_a-reallocr.o)
 .text._realloc_r
                0x0000d14c      0x34c /home/budali11/arm-none-eabi-13.3.rel1/bin/../lib/gcc/arm-none-eabi/13.3.1/../../../../arm-none-eabi/lib/thumb/v7-m/nofp/libg.a(libc_a-reallocr.o)
                0x0000d14c                _realloc_r
 .text          0x0000d498        0x0 /home/budali11/arm-none-eabi-13.3.rel1/bin/../lib/gcc/arm-none-eabi/13.3.1/../../../../arm-none-eabi/lib/thumb/v7-m/nofp/libg.a(libc_a-envlock.o)
 .text.__env_lock
                0x0000d498        0xc /home/budali11/arm-none-eabi-13.3.rel1/bin/../lib/gcc/arm-none-eabi/13.3.1/../../../../arm-none-eabi/lib/thumb/v7-m/nofp/libg.a(libc_a-envlock.o)
                0x0000d498                __env_lock
 .text.__env_unlock
                0x0000d4a4        0xc /home/budali11/arm-none-eabi-13.3.rel1/bin/../lib/gcc/arm-none-eabi/13.3.1/../../../../arm-none-eabi/lib/thumb/v7-m/nofp/libg.a(libc_a-envlock.o)
                0x0000d4a4                __env_unlock
 .text          0x0000d4b0        0x0 /home/budali11/arm-none-eabi-13.3.rel1/bin/../lib/gcc/arm-none-eabi/13.3.1/../../../../arm-none-eabi/lib/thumb/v7-m/nofp/libg.a(libc_a-fiprintf.o)
 .text._fiprintf_r
                0x0000d4b0       0x1c /home/budali11/arm-none-eabi-13.3.rel1/bin/../lib/gcc/arm-none-eabi/13.3.1/../../../../arm-none-eabi/lib/thumb/v7-m/nofp/libg.a(libc_a-fiprintf.o)
                0x0000d4b0                _fiprintf_r
 .text.fiprintf
                0x0000d4cc       0x28 /home/budali11/arm-none-eabi-13.3.rel1/bin/../lib/gcc/arm-none-eabi/13.3.1/../../../../arm-none-eabi/lib/thumb/v7-m/nofp/libg.a(libc_a-fiprintf.o)
                0x0000d4cc                fiprintf
 .text          0x0000d4f4        0x0 /home/budali11/arm-none-eabi-13.3.rel1/bin/../lib/gcc/arm-none-eabi/13.3.1/../../../../arm-none-eabi/lib/thumb/v7-m/nofp/libg.a(libc_a-vfiprintf.o)
 .text._vfiprintf_r
                0x0000d4f4      0xeb8 /home/budali11/arm-none-eabi-13.3.rel1/bin/../lib/gcc/arm-none-eabi/13.3.1/../../../../arm-none-eabi/lib/thumb/v7-m/nofp/libg.a(libc_a-vfiprintf.o)
                0x0000d4f4                _vfiprintf_r
 .text.vfiprintf
                0x0000e3ac       0x1c /home/budali11/arm-none-eabi-13.3.rel1/bin/../lib/gcc/arm-none-eabi/13.3.1/../../../../arm-none-eabi/lib/thumb/v7-m/nofp/libg.a(libc_a-vfiprintf.o)
                0x0000e3ac                vfiprintf
 .text.__sbprintf
                0x0000e3c8       0x80 /home/budali11/arm-none-eabi-13.3.rel1/bin/../lib/gcc/arm-none-eabi/13.3.1/../../../../arm-none-eabi/lib/thumb/v7-m/nofp/libg.a(libc_a-vfiprintf.o)
 .text          0x0000e448        0x0 /home/budali11/arm-none-eabi-13.3.rel1/bin/../lib/gcc/arm-none-eabi/13.3.1/../../../../arm-none-eabi/lib/thumb/v7-m/nofp/libg.a(libc_a-abort.o)
 .text.abort    0x0000e448       0x10 /home/budali11/arm-none-eabi-13.3.rel1/bin/../lib/gcc/arm-none-eabi/13.3.1/../../../../arm-none-eabi/lib/thumb/v7-m/nofp/libg.a(libc_a-abort.o)
                0x0000e448                abort
 .text          0x0000e458        0x0 /home/budali11/arm-none-eabi-13.3.rel1/bin/../lib/gcc/arm-none-eabi/13.3.1/../../../../arm-none-eabi/lib/thumb/v7-m/nofp/libg.a(libc_a-wsetup.o)
 .text.__swsetup_r
                0x0000e458       0xc4 /home/budali11/arm-none-eabi-13.3.rel1/bin/../lib/gcc/arm-none-eabi/13.3.1/../../../../arm-none-eabi/lib/thumb/v7-m/nofp/libg.a(libc_a-wsetup.o)
                0x0000e458                __swsetup_r
 .text          0x0000e51c        0x0 /home/budali11/arm-none-eabi-13.3.rel1/bin/../lib/gcc/arm-none-eabi/13.3.1/../../../../arm-none-eabi/lib/thumb/v7-m/nofp/libg.a(libc_a-memmove.o)
 .text.memmove  0x0000e51c       0xfc /home/budali11/arm-none-eabi-13.3.rel1/bin/../lib/gcc/arm-none-eabi/13.3.1/../../../../arm-none-eabi/lib/thumb/v7-m/nofp/libg.a(libc_a-memmove.o)
                0x0000e51c                memmove
 .text          0x0000e618        0x0 /home/budali11/arm-none-eabi-13.3.rel1/bin/../lib/gcc/arm-none-eabi/13.3.1/../../../../arm-none-eabi/lib/thumb/v7-m/nofp/libg.a(libc_a-sprint_r.o)
 .text.__sprint_r
                0x0000e618       0x20 /home/budali11/arm-none-eabi-13.3.rel1/bin/../lib/gcc/arm-none-eabi/13.3.1/../../../../arm-none-eabi/lib/thumb/v7-m/nofp/libg.a(libc_a-sprint_r.o)
                0x0000e618                __sprint_r
 .text          0x0000e638        0x0 /home/budali11/arm-none-eabi-13.3.rel1/bin/../lib/gcc/arm-none-eabi/13.3.1/../../../../arm-none-eabi/lib/thumb/v7-m/nofp/libg.a(libc_a-makebuf.o)
 .text.__smakebuf_r
                0x0000e638       0xdc /home/budali11/arm-none-eabi-13.3.rel1/bin/../lib/gcc/arm-none-eabi/13.3.1/../../../../arm-none-eabi/lib/thumb/v7-m/nofp/libg.a(libc_a-makebuf.o)
                0x0000e638                __smakebuf_r
 .text.__swhatbuf_r
                0x0000e714       0x60 /home/budali11/arm-none-eabi-13.3.rel1/bin/../lib/gcc/arm-none-eabi/13.3.1/../../../../arm-none-eabi/lib/thumb/v7-m/nofp/libg.a(libc_a-makebuf.o)
                0x0000e714                __swhatbuf_r
 .text          0x0000e774        0x0 /home/budali11/arm-none-eabi-13.3.rel1/bin/../lib/gcc/arm-none-eabi/13.3.1/../../../../arm-none-eabi/lib/thumb/v7-m/nofp/libg.a(libc_a-signal.o)
 .text._init_signal_r
                0x0000e774       0x30 /home/budali11/arm-none-eabi-13.3.rel1/bin/../lib/gcc/arm-none-eabi/13.3.1/../../../../arm-none-eabi/lib/thumb/v7-m/nofp/libg.a(libc_a-signal.o)
                0x0000e774                _init_signal_r
 .text._signal_r
                0x0000e7a4       0x50 /home/budali11/arm-none-eabi-13.3.rel1/bin/../lib/gcc/arm-none-eabi/13.3.1/../../../../arm-none-eabi/lib/thumb/v7-m/nofp/libg.a(libc_a-signal.o)
                0x0000e7a4                _signal_r
 .text._raise_r
                0x0000e7f4       0x54 /home/budali11/arm-none-eabi-13.3.rel1/bin/../lib/gcc/arm-none-eabi/13.3.1/../../../../arm-none-eabi/lib/thumb/v7-m/nofp/libg.a(libc_a-signal.o)
                0x0000e7f4                _raise_r
 .text.__sigtramp_r
                0x0000e848       0x68 /home/budali11/arm-none-eabi-13.3.rel1/bin/../lib/gcc/arm-none-eabi/13.3.1/../../../../arm-none-eabi/lib/thumb/v7-m/nofp/libg.a(libc_a-signal.o)
                0x0000e848                __sigtramp_r
 .text.raise    0x0000e8b0       0x58 /home/budali11/arm-none-eabi-13.3.rel1/bin/../lib/gcc/arm-none-eabi/13.3.1/../../../../arm-none-eabi/lib/thumb/v7-m/nofp/libg.a(libc_a-signal.o)
                0x0000e8b0                raise
 .text.signal   0x0000e908       0x50 /home/budali11/arm-none-eabi-13.3.rel1/bin/../lib/gcc/arm-none-eabi/13.3.1/../../../../arm-none-eabi/lib/thumb/v7-m/nofp/libg.a(libc_a-signal.o)
                0x0000e908                signal
 .text._init_signal
                0x0000e958       0x38 /home/budali11/arm-none-eabi-13.3.rel1/bin/../lib/gcc/arm-none-eabi/13.3.1/../../../../arm-none-eabi/lib/thumb/v7-m/nofp/libg.a(libc_a-signal.o)
                0x0000e958                _init_signal
 .text.__sigtramp
                0x0000e990       0x68 /home/budali11/arm-none-eabi-13.3.rel1/bin/../lib/gcc/arm-none-eabi/13.3.1/../../../../arm-none-eabi/lib/thumb/v7-m/nofp/libg.a(libc_a-signal.o)
                0x0000e990                __sigtramp
 .text          0x0000e9f8        0x0 /home/budali11/arm-none-eabi-13.3.rel1/bin/../lib/gcc/arm-none-eabi/13.3.1/../../../../arm-none-eabi/lib/thumb/v7-m/nofp/libg.a(libc_a-fstatr.o)
 .text._fstat_r
                0x0000e9f8       0x28 /home/budali11/arm-none-eabi-13.3.rel1/bin/../lib/gcc/arm-none-eabi/13.3.1/../../../../arm-none-eabi/lib/thumb/v7-m/nofp/libg.a(libc_a-fstatr.o)
                0x0000e9f8                _fstat_r
 .text          0x0000ea20        0x0 /home/budali11/arm-none-eabi-13.3.rel1/bin/../lib/gcc/arm-none-eabi/13.3.1/../../../../arm-none-eabi/lib/thumb/v7-m/nofp/libg.a(libc_a-isattyr.o)
 .text._isatty_r
                0x0000ea20       0x24 /home/budali11/arm-none-eabi-13.3.rel1/bin/../lib/gcc/arm-none-eabi/13.3.1/../../../../arm-none-eabi/lib/thumb/v7-m/nofp/libg.a(libc_a-isattyr.o)
                0x0000ea20                _isatty_r
 .text          0x0000ea44        0x0 /home/budali11/arm-none-eabi-13.3.rel1/bin/../lib/gcc/arm-none-eabi/13.3.1/../../../../arm-none-eabi/lib/thumb/v7-m/nofp/libg.a(libc_a-signalr.o)
 .text._kill_r  0x0000ea44       0x28 /home/budali11/arm-none-eabi-13.3.rel1/bin/../lib/gcc/arm-none-eabi/13.3.1/../../../../arm-none-eabi/lib/thumb/v7-m/nofp/libg.a(libc_a-signalr.o)
                0x0000ea44                _kill_r
 .text._getpid_r
                0x0000ea6c        0x4 /home/budali11/arm-none-eabi-13.3.rel1/bin/../lib/gcc/arm-none-eabi/13.3.1/../../../../arm-none-eabi/lib/thumb/v7-m/nofp/libg.a(libc_a-signalr.o)
                0x0000ea6c                _getpid_r
 .text          0x0000ea70        0x0 /home/budali11/arm-none-eabi-13.3.rel1/bin/../lib/gcc/arm-none-eabi/13.3.1/../../../../arm-none-eabi/lib/thumb/v7-m/nofp/libg.a(libc_a-fvwrite.o)
 .text.__sfvwrite_r
                0x0000ea70      0x2ec /home/budali11/arm-none-eabi-13.3.rel1/bin/../lib/gcc/arm-none-eabi/13.3.1/../../../../arm-none-eabi/lib/thumb/v7-m/nofp/libg.a(libc_a-fvwrite.o)
                0x0000ea70                __sfvwrite_r
 .text          0x0000ed5c      0x254 /home/budali11/arm-none-eabi-13.3.rel1/bin/../lib/gcc/arm-none-eabi/13.3.1/thumb/v7-m/nofp/libgcc.a(_arm_muldf3.o)
 .text          0x0000efb0      0x378 /home/budali11/arm-none-eabi-13.3.rel1/bin/../lib/gcc/arm-none-eabi/13.3.1/thumb/v7-m/nofp/libgcc.a(_arm_addsubdf3.o)
                0x0000efb0                __aeabi_drsub
                0x0000efb8                __aeabi_dsub
                0x0000efb8                __subdf3
                0x0000efbc                __adddf3
                0x0000efbc                __aeabi_dadd
                0x0000f234                __aeabi_ui2d
                0x0000f234                __floatunsidf
                0x0000f254                __floatsidf
                0x0000f254                __aeabi_i2d
                0x0000f278                __extendsfdf2
                0x0000f278                __aeabi_f2d
                0x0000f2bc                __aeabi_ul2d
                0x0000f2bc                __floatundidf
                0x0000f2cc                __floatdidf
                0x0000f2cc                __aeabi_l2d
 .text          0x0000f328      0x424 /home/budali11/arm-none-eabi-13.3.rel1/bin/../lib/gcc/arm-none-eabi/13.3.1/thumb/v7-m/nofp/libgcc.a(_arm_muldivdf3.o)
                0x0000f328                __aeabi_dmul
                0x0000f328                __muldf3
                0x0000f57c                __aeabi_ddiv
                0x0000f57c                __divdf3
 .text          0x0000f74c      0x110 /home/budali11/arm-none-eabi-13.3.rel1/bin/../lib/gcc/arm-none-eabi/13.3.1/thumb/v7-m/nofp/libgcc.a(_arm_cmpdf2.o)
                0x0000f74c                __gtdf2
                0x0000f74c                __gedf2
                0x0000f754                __ltdf2
                0x0000f754                __ledf2
                0x0000f75c                __cmpdf2
                0x0000f75c                __eqdf2
                0x0000f75c                __nedf2
                0x0000f7d8                __aeabi_cdrcmple
                0x0000f7e8                __aeabi_cdcmple
                0x0000f7e8                __aeabi_cdcmpeq
                0x0000f7f8                __aeabi_dcmpeq
                0x0000f80c                __aeabi_dcmplt
                0x0000f820                __aeabi_dcmple
                0x0000f834                __aeabi_dcmpge
                0x0000f848                __aeabi_dcmpgt
 .text          0x0000f85c       0x2c /home/budali11/arm-none-eabi-13.3.rel1/bin/../lib/gcc/arm-none-eabi/13.3.1/thumb/v7-m/nofp/libgcc.a(_arm_unorddf2.o)
                0x0000f85c                __aeabi_dcmpun
                0x0000f85c                __unorddf2
 .text          0x0000f888       0x50 /home/budali11/arm-none-eabi-13.3.rel1/bin/../lib/gcc/arm-none-eabi/13.3.1/thumb/v7-m/nofp/libgcc.a(_arm_fixdfsi.o)
                0x0000f888                __fixdfsi
                0x0000f888                __aeabi_d2iz
 .text          0x0000f8d8        0x0 /home/budali11/arm-none-eabi-13.3.rel1/bin/../lib/gcc/arm-none-eabi/13.3.1/thumb/v7-m/nofp/crtend.o
 .text          0x0000f8d8        0x0 /home/budali11/arm-none-eabi-13.3.rel1/bin/../lib/gcc/arm-none-eabi/13.3.1/thumb/v7-m/nofp/crtn.o
 *(.glue_7t)
 .glue_7t       0x0000f8d8        0x0 linker stubs
 *(.glue_7)
 .glue_7        0x0000f8d8        0x0 linker stubs
 *(.rodata .rodata* .gnu.linkonce.r.*)
 .rodata.all_implied_fbits
                0x0000f8d8       0x24 /home/budali11/arm-none-eabi-13.3.rel1/bin/../lib/gcc/arm-none-eabi/13.3.1/thumb/v7-m/nofp/crtbegin.o
 .rodata        0x0000f8fc       0x48 CMakeFiles/sam4l-reb215.elf.dir/src/main.c.o
 .rodata        0x0000f944       0xed CMakeFiles/sam4l-reb215.elf.dir/src/at86rf215.c.o
 *fill*         0x0000fa31        0x3 
 .rodata._svfprintf_r.str1.4
                0x0000fa34      0x29a /home/budali11/arm-none-eabi-13.3.rel1/bin/../lib/gcc/arm-none-eabi/13.3.1/../../../../arm-none-eabi/lib/thumb/v7-m/nofp/libg.a(libc_a-svfprintf.o)
                                 0x42 (size before relaxing)
 *fill*         0x0000fcce        0x2 
 .rodata.zeroes.0
                0x0000fcd0       0x10 /home/budali11/arm-none-eabi-13.3.rel1/bin/../lib/gcc/arm-none-eabi/13.3.1/../../../../arm-none-eabi/lib/thumb/v7-m/nofp/libg.a(libc_a-svfprintf.o)
 .rodata.blanks.1
                0x0000fce0       0x10 /home/budali11/arm-none-eabi-13.3.rel1/bin/../lib/gcc/arm-none-eabi/13.3.1/../../../../arm-none-eabi/lib/thumb/v7-m/nofp/libg.a(libc_a-svfprintf.o)
 .rodata._dtoa_r.str1.4
                0x0000fcf0       0x81 /home/budali11/arm-none-eabi-13.3.rel1/bin/../lib/gcc/arm-none-eabi/13.3.1/../../../../arm-none-eabi/lib/thumb/v7-m/nofp/libg.a(libc_a-dtoa.o)
 .rodata.currentlocale.str1.4
                0x0000fcf0        0x2 /home/budali11/arm-none-eabi-13.3.rel1/bin/../lib/gcc/arm-none-eabi/13.3.1/../../../../arm-none-eabi/lib/thumb/v7-m/nofp/libg.a(libc_a-locale.o)
 .rodata.__loadlocale.str1.4
                0x0000fcf0       0xde /home/budali11/arm-none-eabi-13.3.rel1/bin/../lib/gcc/arm-none-eabi/13.3.1/../../../../arm-none-eabi/lib/thumb/v7-m/nofp/libg.a(libc_a-locale.o)
 .rodata.__get_locale_env.str1.4
                0x0000fcf0        0xd /home/budali11/arm-none-eabi-13.3.rel1/bin/../lib/gcc/arm-none-eabi/13.3.1/../../../../arm-none-eabi/lib/thumb/v7-m/nofp/libg.a(libc_a-locale.o)
 .rodata.str1.4
                0x0000fcf0       0x4c /home/budali11/arm-none-eabi-13.3.rel1/bin/../lib/gcc/arm-none-eabi/13.3.1/../../../../arm-none-eabi/lib/thumb/v7-m/nofp/libg.a(libc_a-locale.o)
 .rodata.__C_locale
                0x0000fcf0      0x16c /home/budali11/arm-none-eabi-13.3.rel1/bin/../lib/gcc/arm-none-eabi/13.3.1/../../../../arm-none-eabi/lib/thumb/v7-m/nofp/libg.a(libc_a-locale.o)
                0x0000fcf0                __C_locale
 .rodata.categories
                0x0000fe5c       0x1c /home/budali11/arm-none-eabi-13.3.rel1/bin/../lib/gcc/arm-none-eabi/13.3.1/../../../../arm-none-eabi/lib/thumb/v7-m/nofp/libg.a(libc_a-locale.o)
 .rodata.JIS_action_table
                0x0000fe78       0x48 /home/budali11/arm-none-eabi-13.3.rel1/bin/../lib/gcc/arm-none-eabi/13.3.1/../../../../arm-none-eabi/lib/thumb/v7-m/nofp/libg.a(libc_a-mbtowc_r.o)
 .rodata.JIS_state_table
                0x0000fec0       0x48 /home/budali11/arm-none-eabi-13.3.rel1/bin/../lib/gcc/arm-none-eabi/13.3.1/../../../../arm-none-eabi/lib/thumb/v7-m/nofp/libg.a(libc_a-mbtowc_r.o)
 .rodata.__assert_func.str1.4
                0x0000ff08       0x43 /home/budali11/arm-none-eabi-13.3.rel1/bin/../lib/gcc/arm-none-eabi/13.3.1/../../../../arm-none-eabi/lib/thumb/v7-m/nofp/libg.a(libc_a-assert.o)
 .rodata.__multadd.str1.4
                0x0000ff08       0x6e /home/budali11/arm-none-eabi-13.3.rel1/bin/../lib/gcc/arm-none-eabi/13.3.1/../../../../arm-none-eabi/lib/thumb/v7-m/nofp/libg.a(libc_a-mprec.o)
 .rodata.p05.0  0x0000ff08        0xc /home/budali11/arm-none-eabi-13.3.rel1/bin/../lib/gcc/arm-none-eabi/13.3.1/../../../../arm-none-eabi/lib/thumb/v7-m/nofp/libg.a(libc_a-mprec.o)
 *fill*         0x0000ff14        0x4 
 .rodata.__mprec_tinytens
                0x0000ff18       0x28 /home/budali11/arm-none-eabi-13.3.rel1/bin/../lib/gcc/arm-none-eabi/13.3.1/../../../../arm-none-eabi/lib/thumb/v7-m/nofp/libg.a(libc_a-mprec.o)
                0x0000ff18                __mprec_tinytens
 .rodata.__mprec_bigtens
                0x0000ff40       0x28 /home/budali11/arm-none-eabi-13.3.rel1/bin/../lib/gcc/arm-none-eabi/13.3.1/../../../../arm-none-eabi/lib/thumb/v7-m/nofp/libg.a(libc_a-mprec.o)
                0x0000ff40                __mprec_bigtens
 .rodata.__mprec_tens
                0x0000ff68       0xc8 /home/budali11/arm-none-eabi-13.3.rel1/bin/../lib/gcc/arm-none-eabi/13.3.1/../../../../arm-none-eabi/lib/thumb/v7-m/nofp/libg.a(libc_a-mprec.o)
                0x0000ff68                __mprec_tens
 .rodata._ctype_
                0x00010030      0x101 /home/budali11/arm-none-eabi-13.3.rel1/bin/../lib/gcc/arm-none-eabi/13.3.1/../../../../arm-none-eabi/lib/thumb/v7-m/nofp/libg.a(libc_a-ctype_.o)
                0x00010030                _ctype_
 .rodata._vfiprintf_r.str1.4
                0x00010131       0x2f /home/budali11/arm-none-eabi-13.3.rel1/bin/../lib/gcc/arm-none-eabi/13.3.1/../../../../arm-none-eabi/lib/thumb/v7-m/nofp/libg.a(libc_a-vfiprintf.o)
 *fill*         0x00010131        0x3 
 .rodata.zeroes.0
                0x00010134       0x10 /home/budali11/arm-none-eabi-13.3.rel1/bin/../lib/gcc/arm-none-eabi/13.3.1/../../../../arm-none-eabi/lib/thumb/v7-m/nofp/libg.a(libc_a-vfiprintf.o)
 .rodata.blanks.1
                0x00010144       0x10 /home/budali11/arm-none-eabi-13.3.rel1/bin/../lib/gcc/arm-none-eabi/13.3.1/../../../../arm-none-eabi/lib/thumb/v7-m/nofp/libg.a(libc_a-vfiprintf.o)
 .rodata.all_implied_fbits
                0x00010154       0x24 /home/budali11/arm-none-eabi-13.3.rel1/bin/../lib/gcc/arm-none-eabi/13.3.1/thumb/v7-m/nofp/crtend.o
 *(.ARM.extab* .gnu.linkonce.armextab.*)
 .ARM.extab     0x00010178        0x0 /home/budali11/arm-none-eabi-13.3.rel1/bin/../lib/gcc/arm-none-eabi/13.3.1/../../../../arm-none-eabi/lib/thumb/v7-m/nofp/crt0.o
 .ARM.extab     0x00010178        0x0 /home/budali11/arm-none-eabi-13.3.rel1/bin/../lib/gcc/arm-none-eabi/13.3.1/../../../../arm-none-eabi/lib/thumb/v7-m/nofp/libg.a(libc_a-strcmp.o)
 .ARM.extab     0x00010178        0x0 /home/budali11/arm-none-eabi-13.3.rel1/bin/../lib/gcc/arm-none-eabi/13.3.1/../../../../arm-none-eabi/lib/thumb/v7-m/nofp/libg.a(libc_a-memcpy.o)
                0x00010178                        . = ALIGN (0x4)
 *(.init)
 .init          0x00010178        0x4 /home/budali11/arm-none-eabi-13.3.rel1/bin/../lib/gcc/arm-none-eabi/13.3.1/thumb/v7-m/nofp/crti.o
                0x00010178                _init
 .init          0x0001017c        0x8 /home/budali11/arm-none-eabi-13.3.rel1/bin/../lib/gcc/arm-none-eabi/13.3.1/thumb/v7-m/nofp/crtn.o
                0x00010184                        . = ALIGN (0x4)
                0x00010184                        __preinit_array_start = .
 *(.preinit_array)
                0x00010184                        __preinit_array_end = .
                0x00010184                        . = ALIGN (0x4)
                0x00010184                        __init_array_start = .
 *(SORT_BY_NAME(.init_array.*))
 .init_array.00000
                0x00010184        0x4 /home/budali11/arm-none-eabi-13.3.rel1/bin/../lib/gcc/arm-none-eabi/13.3.1/../../../../arm-none-eabi/lib/thumb/v7-m/nofp/libg.a(libc_a-__call_atexit.o)
 *(.init_array)
 .init_array    0x00010188        0x4 /home/budali11/arm-none-eabi-13.3.rel1/bin/../lib/gcc/arm-none-eabi/13.3.1/thumb/v7-m/nofp/crtbegin.o
                0x0001018c                        __init_array_end = .
                0x0001018c                        . = ALIGN (0x4)
 *crtbegin.o(.ctors)
 *(EXCLUDE_FILE(*crtend.o) .ctors)
 *(SORT_BY_NAME(.ctors.*))
 *crtend.o(.ctors)
                0x0001018c                        . = ALIGN (0x4)
 *(.fini)
 .fini          0x0001018c        0x4 /home/budali11/arm-none-eabi-13.3.rel1/bin/../lib/gcc/arm-none-eabi/13.3.1/thumb/v7-m/nofp/crti.o
                0x0001018c                _fini
 .fini          0x00010190        0x8 /home/budali11/arm-none-eabi-13.3.rel1/bin/../lib/gcc/arm-none-eabi/13.3.1/thumb/v7-m/nofp/crtn.o
 .fini.__stub   0x00010198        0x8 linker stubs
                0x000101a0                        . = ALIGN (0x4)
                0x000101a0                        __fini_array_start = .
 *(.fini_array)
 .fini_array    0x000101a0        0x4 /home/budali11/arm-none-eabi-13.3.rel1/bin/../lib/gcc/arm-none-eabi/13.3.1/thumb/v7-m/nofp/crtbegin.o
 *(SORT_BY_NAME(.fini_array.*))
                0x000101a4                        __fini_array_end = .
 *crtbegin.o(.dtors)
 *(EXCLUDE_FILE(*crtend.o) .dtors)
 *(SORT_BY_NAME(.dtors.*))
 *crtend.o(.dtors)
                0x000101a4                        . = ALIGN (0x4)
                0x000101a4                        _efixed = .
                [!provide]                        PROVIDE (__exidx_start = .)

.vfp11_veneer   0x000101a4        0x0
 .vfp11_veneer  0x000101a4        0x0 linker stubs

.v4_bx          0x000101a4        0x0
 .v4_bx         0x000101a4        0x0 linker stubs

.iplt           0x000101a4        0x0
 .iplt          0x000101a4        0x0 /home/budali11/arm-none-eabi-13.3.rel1/bin/../lib/gcc/arm-none-eabi/13.3.1/thumb/v7-m/nofp/crtbegin.o

.ARM.exidx      0x000101a4        0x8
 *(.ARM.exidx* .gnu.linkonce.armexidx.*)
 .ARM.exidx     0x000101a4        0x8 /home/budali11/arm-none-eabi-13.3.rel1/bin/../lib/gcc/arm-none-eabi/13.3.1/../../../../arm-none-eabi/lib/thumb/v7-m/nofp/crt0.o
                                 0x10 (size before relaxing)
 .ARM.exidx     0x000101ac        0x0 /home/budali11/arm-none-eabi-13.3.rel1/bin/../lib/gcc/arm-none-eabi/13.3.1/../../../../arm-none-eabi/lib/thumb/v7-m/nofp/libg.a(libc_a-strcmp.o)
                                  0x8 (size before relaxing)
 .ARM.exidx     0x000101ac        0x0 /home/budali11/arm-none-eabi-13.3.rel1/bin/../lib/gcc/arm-none-eabi/13.3.1/../../../../arm-none-eabi/lib/thumb/v7-m/nofp/libg.a(libc_a-memcpy.o)
                                  0x8 (size before relaxing)
                [!provide]                        PROVIDE (__exidx_end = .)

.eh_frame       0x000101ac       0x30